<html>
<body>
<pre>
<h1>µVision Build Log</h1>
<h2>Project:</h2>
C:\Users\nam\Desktop\official\arpeggio\MDK-ARM\arpeggio.uvprojx
Project File Date:  01/21/2016

<h2>Output:</h2>
Build target 'arpeggio Configuration'
linking...
Program Size: Code=25644 RO-data=560 RW-data=184 ZI-data=34504  
"arpeggio Configuration\arpeggio Configuration.axf" - 0 Error(s), 0 Warning(s).

<h2>Software Packages used:</h2>

Package Vendor: ARM
                http://www.keil.com/pack/ARM.CMSIS.4.1.0.pack
                ARM::CMSIS:CORE:3.30.0
                CMSIS (Cortex Microcontroller Software Interface Standard)
   * Component: CORE Version: 3.30.0

<h2>Collection of Component include folders:</h2>
  C:\Users\nam\Desktop\official\arpeggio\MDK-ARM\RTE
  C:\Keil_v5\ARM\PACK\ARM\CMSIS\4.1.0\CMSIS\Include
  C:\Keil_v5\ARM\PACK\Keil\STM32F4xx_DFP\2.3.0\Drivers\CMSIS\Device\ST\STM32F4xx\Include

<h2>Collection of Component Files used:</h2>

   * Component: ARM::CMSIS:CORE:3.30.0
      Source file:   CMSIS\UserCodeTemplates\ARM\ITM_Retarget.c
Load "arpeggio Configuration\\arpeggio Configuration.axf" 
Error: Flash Download failed  -  Target DLL has been cancelled
Load "arpeggio Configuration\\arpeggio Configuration.axf" 
Error: Flash Download failed  -  Target DLL has been cancelled
Load "arpeggio Configuration\\arpeggio Configuration.axf" 
Error: Flash Download failed  -  Target DLL has been cancelled
Load "arpeggio Configuration\\arpeggio Configuration.axf" 
Error: Flash Download failed  -  Target DLL has been cancelled
Load "arpeggio Configuration\\arpeggio Configuration.axf" 
Error: Flash Download failed  -  Target DLL has been cancelled
Load "arpeggio Configuration\\arpeggio Configuration.axf" 
Error: Flash Download failed  -  Target DLL has been cancelled
Load "arpeggio Configuration\\arpeggio Configuration.axf" 
Error: Flash Download failed  -  Target DLL has been cancelled
Load "arpeggio Configuration\\arpeggio Configuration.axf" 
Error: Flash Download failed  -  Target DLL has been cancelled
Load "arpeggio Configuration\\arpeggio Configuration.axf" 
Erase Done.
Programming Failed!
Internal command error
Internal command error
Error: Flash Download failed  -  "Cortex-M4"
Load "arpeggio Configuration\\arpeggio Configuration.axf" 
Error: Flash Download failed  -  Target DLL has been cancelled
Load "arpeggio Configuration\\arpeggio Configuration.axf" 
Error: Flash Download failed  -  Target DLL has been cancelled
Load "arpeggio Configuration\\arpeggio Configuration.axf" 
Erase Done.
Programming Done.
Verify OK.
Error: Target DLL has been cancelled. Debugger aborted !
</pre>
</body>
</html>
andard)
   * Component: CORE Version: 3.30.0

<h2>Collection of Component include folders:</h2>
  C:\Users\nam\Desktop\official\arpeggio\MDK-ARM\RTE
  C:\Keil_v5\ARM\PACK\ARM\CMSIS\4.1.0\CMSIS\Include
  C:\Keil_v5\ARM\PACK\Keil\STM32F4xx_DFP\2.3.0\Drivers\CMSIS\Device\ST\STM32F4xx\Include

<h2>Collection of Component Files used:</h2>

   * Component: ARM::CMSIS:CORE:3.30.0
      Source file:   CMSIS\UserCodeTemplates\ARM\ITM_Retarget.c
Target not created
Error: Flash Download failed  -  Target DLL has been cancelled
Load "arpeggio Configuration\\arpeggio Configuration.axf" 
Erase Failed!
Internal DLL Error
Internal command error
Error: Flash Download failed  -  "Cortex-M4"
Load "arpeggio Configuration\\arpeggio Configuration.axf" 
Error: Flash Download failed  -  Target DLL has been cancelled
Load "arpeggio Configuration\\arpeggio Configuration.axf" 
Error: Flash Download failed  -  Target DLL has been cancelled
Load "arpeggio Configuration\\arpeggio Configuration.axf" 
Erase Failed!
Internal command error
Internal command error
Error: Flash Download failed  -  "Cortex-M4"
Load "arpeggio Configuration\\arpeggio Configuration.axf" 
Erase Done.
Programming Done.
Verify OK.
Error: Target DLL has been cancelled. Debugger aborted !
Error: Target DLL has been cancelled. Debugger aborted !
Error: Target DLL has been cancelled. Debugger aborted !
SIS:CORE:3.30.0
      Source file:   CMSIS\UserCodeTemplates\ARM\ITM_Retarget.c
Load "arpeggio Configuration\\arpeggio Configuration.axf" 
Erase Done.
Programming Done.
Verify OK.
