Product: MDK-ARM Professional 5.10
Component: ARM Compiler 5.04 update 1 (build 49)
Tool: armlink [5040049]

==============================================================================

Section Cross References

    usbd_core.o(i.USBD_DeInit) refers to usbd_conf.o(i.USBD_LL_Stop) for USBD_LL_Stop
    usbd_core.o(i.USBD_DeInit) refers to usbd_conf.o(i.USBD_LL_DeInit) for USBD_LL_DeInit
    usbd_core.o(i.USBD_Init) refers to usbd_conf.o(i.USBD_LL_Init) for USBD_LL_Init
    usbd_core.o(i.USBD_Init) refers to printf3.o(i.__0printf$3) for __2printf
    usbd_core.o(i.USBD_LL_DataInStage) refers to usbd_ioreq.o(i.USBD_CtlContinueSendData) for USBD_CtlContinueSendData
    usbd_core.o(i.USBD_LL_DataInStage) refers to usbd_conf.o(i.USBD_LL_PrepareReceive) for USBD_LL_PrepareReceive
    usbd_core.o(i.USBD_LL_DataInStage) refers to usbd_ioreq.o(i.USBD_CtlReceiveStatus) for USBD_CtlReceiveStatus
    usbd_core.o(i.USBD_LL_DataOutStage) refers to usbd_ioreq.o(i.USBD_CtlContinueRx) for USBD_CtlContinueRx
    usbd_core.o(i.USBD_LL_DataOutStage) refers to usbd_ioreq.o(i.USBD_CtlSendStatus) for USBD_CtlSendStatus
    usbd_core.o(i.USBD_LL_Reset) refers to usbd_conf.o(i.USBD_LL_OpenEP) for USBD_LL_OpenEP
    usbd_core.o(i.USBD_LL_SetupStage) refers to usbd_ctlreq.o(i.USBD_ParseSetupRequest) for USBD_ParseSetupRequest
    usbd_core.o(i.USBD_LL_SetupStage) refers to usbd_conf.o(i.USBD_LL_StallEP) for USBD_LL_StallEP
    usbd_core.o(i.USBD_LL_SetupStage) refers to usbd_ctlreq.o(i.USBD_StdDevReq) for USBD_StdDevReq
    usbd_core.o(i.USBD_LL_SetupStage) refers to usbd_ctlreq.o(i.USBD_StdItfReq) for USBD_StdItfReq
    usbd_core.o(i.USBD_LL_SetupStage) refers to usbd_ctlreq.o(i.USBD_StdEPReq) for USBD_StdEPReq
    usbd_core.o(i.USBD_RegisterClass) refers to printf3.o(i.__0printf$3) for __2printf
    usbd_core.o(i.USBD_Start) refers to usbd_conf.o(i.USBD_LL_Start) for USBD_LL_Start
    usbd_core.o(i.USBD_Stop) refers to usbd_conf.o(i.USBD_LL_Stop) for USBD_LL_Stop
    usbd_audio.o(i.USBD_AUDIO_DataOut) refers to usbd_conf.o(i.USBD_LL_PrepareReceive) for USBD_LL_PrepareReceive
    usbd_audio.o(i.USBD_AUDIO_DeInit) refers to usbd_conf.o(i.USBD_LL_CloseEP) for USBD_LL_CloseEP
    usbd_audio.o(i.USBD_AUDIO_DeInit) refers to malloc.o(i.free) for free
    usbd_audio.o(i.USBD_AUDIO_GetCfgDesc) refers to usbd_audio.o(.data) for .data
    usbd_audio.o(i.USBD_AUDIO_GetDeviceQualifierDesc) refers to usbd_audio.o(.data) for .data
    usbd_audio.o(i.USBD_AUDIO_Init) refers to usbd_conf.o(i.USBD_LL_OpenEP) for USBD_LL_OpenEP
    usbd_audio.o(i.USBD_AUDIO_Init) refers to malloc.o(i.malloc) for malloc
    usbd_audio.o(i.USBD_AUDIO_Init) refers to usbd_conf.o(i.USBD_LL_PrepareReceive) for USBD_LL_PrepareReceive
    usbd_audio.o(i.USBD_AUDIO_Setup) refers to memseta.o(.text) for __aeabi_memclr
    usbd_audio.o(i.USBD_AUDIO_Setup) refers to usbd_ioreq.o(i.USBD_CtlPrepareRx) for USBD_CtlPrepareRx
    usbd_audio.o(i.USBD_AUDIO_Setup) refers to usbd_ctlreq.o(i.USBD_CtlError) for USBD_CtlError
    usbd_audio.o(i.USBD_AUDIO_Setup) refers to usbd_ioreq.o(i.USBD_CtlSendData) for USBD_CtlSendData
    usbd_audio.o(i.USBD_AUDIO_Setup) refers to usbd_audio.o(.data) for .data
    usbd_audio.o(.data) refers to usbd_audio.o(i.USBD_AUDIO_Init) for USBD_AUDIO_Init
    usbd_audio.o(.data) refers to usbd_audio.o(i.USBD_AUDIO_DeInit) for USBD_AUDIO_DeInit
    usbd_audio.o(.data) refers to usbd_audio.o(i.USBD_AUDIO_Setup) for USBD_AUDIO_Setup
    usbd_audio.o(.data) refers to usbd_audio.o(i.USBD_AUDIO_EP0_TxReady) for USBD_AUDIO_EP0_TxReady
    usbd_audio.o(.data) refers to usbd_audio.o(i.USBD_AUDIO_EP0_RxReady) for USBD_AUDIO_EP0_RxReady
    usbd_audio.o(.data) refers to usbd_audio.o(i.USBD_AUDIO_DataIn) for USBD_AUDIO_DataIn
    usbd_audio.o(.data) refers to usbd_audio.o(i.USBD_AUDIO_DataOut) for USBD_AUDIO_DataOut
    usbd_audio.o(.data) refers to usbd_audio.o(i.USBD_AUDIO_SOF) for USBD_AUDIO_SOF
    usbd_audio.o(.data) refers to usbd_audio.o(i.USBD_AUDIO_IsoINIncomplete) for USBD_AUDIO_IsoINIncomplete
    usbd_audio.o(.data) refers to usbd_audio.o(i.USBD_AUDIO_IsoOutIncomplete) for USBD_AUDIO_IsoOutIncomplete
    usbd_audio.o(.data) refers to usbd_audio.o(i.USBD_AUDIO_GetCfgDesc) for USBD_AUDIO_GetCfgDesc
    usbd_audio.o(.data) refers to usbd_audio.o(i.USBD_AUDIO_GetDeviceQualifierDesc) for USBD_AUDIO_GetDeviceQualifierDesc
    usbd_ctlreq.o(i.USBD_CtlError) refers to usbd_conf.o(i.USBD_LL_StallEP) for USBD_LL_StallEP
    usbd_ctlreq.o(i.USBD_GetDescriptor) refers to usbd_ctlreq.o(i.USBD_CtlError) for USBD_CtlError
    usbd_ctlreq.o(i.USBD_GetDescriptor) refers to usbd_ioreq.o(i.USBD_CtlSendData) for USBD_CtlSendData
    usbd_ctlreq.o(i.USBD_SetConfig) refers to usbd_core.o(i.USBD_ClrClassConfig) for USBD_ClrClassConfig
    usbd_ctlreq.o(i.USBD_SetConfig) refers to usbd_core.o(i.USBD_SetClassConfig) for USBD_SetClassConfig
    usbd_ctlreq.o(i.USBD_SetConfig) refers to usbd_ioreq.o(i.USBD_CtlSendStatus) for USBD_CtlSendStatus
[...]
    i.MX_I2C1_Init                           0x080031f4   Section        0  i2c.o(i.MX_I2C1_Init)
    i.MX_I2S2_Init                           0x08003224   Section        0  i2s.o(i.MX_I2S2_Init)
    i.MX_SDIO_SD_Init                        0x08003250   Section        0  sdio.o(i.MX_SDIO_SD_Init)
    i.MX_SPI1_Init                           0x08003270   Section        0  spi.o(i.MX_SPI1_Init)
    i.MX_USART1_UART_Init                    0x080032a4   Section        0  usart.o(i.MX_USART1_UART_Init)
    i.MX_USART2_UART_Init                    0x080032cc   Section        0  usart.o(i.MX_USART2_UART_Init)
    i.NVIC_SetPriority                       0x080032f4   Section        0  stm32f4xx_hal_cortex.o(i.NVIC_SetPriority)
    NVIC_SetPriority                         0x080032f5   Thumb Code    32  stm32f4xx_hal_cortex.o(i.NVIC_SetPriority)
    i.OTG_FS_IRQHandler                      0x08003314   Section        0  stm32f4xx_it.o(i.OTG_FS_IRQHandler)
    i.PCD_WriteEmptyTxFifo                   0x08003320   Section        0  stm32f4xx_hal_pcd.o(i.PCD_WriteEmptyTxFifo)
    PCD_WriteEmptyTxFifo                     0x08003321   Thumb Code   150  stm32f4xx_hal_pcd.o(i.PCD_WriteEmptyTxFifo)
    i.StartDefaultTask                       0x080033b6   Section        0  freertos.o(i.StartDefaultTask)
    i.SysTick_Handler                        0x080033be   Section        0  stm32f4xx_it.o(i.SysTick_Handler)
    i.SystemClock_Config                     0x080033c4   Section        0  main.o(i.SystemClock_Config)
    i.SystemInit                             0x08003464   Section        0  system_stm32f4xx.o(i.SystemInit)
    i.UART_Receive_IT                        0x080034b8   Section        0  stm32f4xx_hal_uart.o(i.UART_Receive_IT)
    UART_Receive_IT                          0x080034b9   Thumb Code   168  stm32f4xx_hal_uart.o(i.UART_Receive_IT)
    i.UART_SetConfig                         0x08003560   Section        0  stm32f4xx_hal_uart.o(i.UART_SetConfig)
    UART_SetConfig                           0x08003561   Thumb Code   450  stm32f4xx_hal_uart.o(i.UART_SetConfig)
    i.UART_Transmit_IT                       0x0800376c   Section        0  stm32f4xx_hal_uart.o(i.UART_Transmit_IT)
    UART_Transmit_IT                         0x0800376d   Thumb Code   102  stm32f4xx_hal_uart.o(i.UART_Transmit_IT)
    i.USART1_IRQHandler                      0x080037d4   Section        0  stm32f4xx_it.o(i.USART1_IRQHandler)
    i.USBD_ClrClassConfig                    0x080037e0   Section        0  usbd_core.o(i.USBD_ClrClassConfig)
    i.USBD_CtlContinueRx                     0x080037ee   Section        0  usbd_ioreq.o(i.USBD_CtlContinueRx)
    i.USBD_CtlContinueSendData               0x080037fe   Section        0  usbd_ioreq.o(i.USBD_CtlContinueSendData)
    i.USBD_CtlError                          0x0800380e   Section        0  usbd_ctlreq.o(i.USBD_CtlError)
    i.USBD_CtlReceiveStatus                  0x08003824   Section        0  usbd_ioreq.o(i.USBD_CtlReceiveStatus)
    i.USBD_CtlSendData                       0x0800383a   Section        0  usbd_ioreq.o(i.USBD_CtlSendData)
    i.USBD_CtlSendStatus                     0x08003854   Section        0  usbd_ioreq.o(i.USBD_CtlSendStatus)
    i.USBD_GetDescriptor                     0x0800386a   Section        0  usbd_ctlreq.o(i.USBD_GetDescriptor)
    USBD_GetDescriptor                       0x0800386b   Thumb Code   224  usbd_ctlreq.o(i.USBD_GetDescriptor)
    i.USBD_LL_ClearStallEP                   0x0800394a   Section        0  usbd_conf.o(i.USBD_LL_ClearStallEP)
    i.USBD_LL_DataInStage                    0x08003958   Section        0  usbd_core.o(i.USBD_LL_DataInStage)
    i.USBD_LL_DataOutStage                   0x08003a02   Section        0  usbd_core.o(i.USBD_LL_DataOutStage)
    i.USBD_LL_DevConnected                   0x08003a6c   Section        0  usbd_core.o(i.USBD_LL_DevConnected)
    i.USBD_LL_DevDisconnected                0x08003a70   Section        0  usbd_core.o(i.USBD_LL_DevDisconnected)
    i.USBD_LL_IsStallEP                      0x08003a86   Section        0  usbd_conf.o(i.USBD_LL_IsStallEP)
    i.USBD_LL_IsoINIncomplete                0x08003aa6   Section        0  usbd_core.o(i.USBD_LL_IsoINIncomplete)
    i.USBD_LL_IsoOUTIncomplete               0x08003aaa   Section        0  usbd_core.o(i.USBD_LL_IsoOUTIncomplete)
    i.USBD_LL_OpenEP                         0x08003aae   Section        0  usbd_conf.o(i.USBD_LL_OpenEP)
    i.USBD_LL_PrepareReceive                 0x08003ac2   Section        0  usbd_conf.o(i.USBD_LL_PrepareReceive)
    i.USBD_LL_Reset                          0x08003ad0   Section        0  usbd_core.o(i.USBD_LL_Reset)
    i.USBD_LL_Resume                         0x08003b0e   Section        0  usbd_core.o(i.USBD_LL_Resume)
    i.USBD_LL_SOF                            0x08003b1a   Section        0  usbd_core.o(i.USBD_LL_SOF)
    i.USBD_LL_SetSpeed                       0x08003b32   Section        0  usbd_core.o(i.USBD_LL_SetSpeed)
    i.USBD_LL_SetUSBAddress                  0x08003b38   Section        0  usbd_conf.o(i.USBD_LL_SetUSBAddress)
    i.USBD_LL_SetupStage                     0x08003b46   Section        0  usbd_core.o(i.USBD_LL_SetupStage)
    i.USBD_LL_StallEP                        0x08003ba0   Section        0  usbd_conf.o(i.USBD_LL_StallEP)
    i.USBD_LL_Suspend                        0x08003bae   Section        0  usbd_core.o(i.USBD_LL_Suspend)
    i.USBD_LL_Transmit                       0x08003bc0   Section        0  usbd_conf.o(i.USBD_LL_Transmit)
    i.USBD_ParseSetupRequest                 0x08003bce   Section        0  usbd_ctlreq.o(i.USBD_ParseSetupRequest)
    i.USBD_SetClassConfig                    0x08003bf6   Section        0  usbd_core.o(i.USBD_SetClassConfig)
    i.USBD_SetConfig                         0x08003c0c   Section        0  usbd_ctlreq.o(i.USBD_SetConfig)
    USBD_SetConfig                           0x08003c0d   Thumb Code   110  usbd_ctlreq.o(i.USBD_SetConfig)
    i.USBD_StdDevReq                         0x08003c80   Section        0  usbd_ctlreq.o(i.USBD_StdDevReq)
    i.USBD_StdEPReq                          0x08003d72   Section        0  usbd_ctlreq.o(i.USBD_StdEPReq)
    i.USBD_StdItfReq                         0x08003e4e   Section        0  usbd_ctlreq.o(i.USBD_StdItfReq)
    i.USB_ActivateEndpoint                   0x08003e84   Section        0  stm32f4xx_ll_usb.o(i.USB_ActivateEndpoint)
    i.USB_ActivateSetup                      0x08003f04   Section        0  stm32f4xx_ll_usb.o(i.USB_ActivateSetup)
    i.USB_EP0StartXfer                       0x08003f38   Section        0  stm32f4xx_ll_usb.o(i.USB_EP0StartXfer)
    i.USB_EP0_OutStart                       0x08004078   Section        0  stm32f4xx_ll_usb.o(i.USB_EP0_OutStart)
    i.USB_EPClearStall                       0x080040b6   Section        0  stm32f4xx_ll_usb.o(i.USB_EPClearStall)
    i.USB_EPSetStall                         0x0800411a   Section        0  stm32f4xx_ll_usb.o(i.USB_EPSetStall)
    i.USB_EPStartXfer                        0x08004178   Section        0  stm32f4xx_ll_usb.o(i.USB_EPStartXfer)
    i.USB_FlushTxFifo                        0x08004394   Section        0  stm32f4xx_ll_usb.o(i.USB_FlushTxFifo)
    i.USB_GetDevSpeed                        0x080043b8   Section        0  stm32f4xx_ll_usb.o(i.USB_GetDevSpeed)
    i.USB_GetMode                            0x080043f4   Section        0  stm32f4xx_ll_usb.o(i.USB_GetMode)
    i.USB_ReadDevAllInEpInterrupt            0x080043fc   Section        0  stm32f4xx_ll_usb.o(i.USB_ReadDevAllInEpInterrupt)
    i.USB_ReadDevAllOutEpInterrupt           0x0800440a   Section        0  stm32f4xx_ll_usb.o(i.USB_ReadDevAllOutEpInterrupt)
    i.USB_ReadDevInEPInterrupt               0x08004418   Section        0  stm32f4xx_ll_usb.o(i.USB_ReadDevInEPInterrupt)
    i.USB_ReadDevOutEPInterrupt              0x08004436   Section        0  stm32f4xx_ll_usb.o(i.USB_ReadDevOutEPInterrupt)
    i.USB_ReadInterrupts                     0x08004446   Section        0  stm32f4xx_ll_usb.o(i.USB_ReadInterrupts)
    i.USB_ReadPacket                         0x0800444e   Section        0  stm32f4xx_ll_usb.o(i.USB_ReadPacket)
    i.USB_SetDevAddress                      0x0800446e   Section        0  stm32f4xx_ll_usb.o(i.USB_SetDevAddress)
    i.USB_WritePacket                        0x08004490   Section        0  stm32f4xx_ll_usb.o(i.USB_WritePacket)
    i.__0printf$3                            0x080044b8   Section        0  printf3.o(i.__0printf$3)
    i.__scatterload_copy                     0x080044d8   Section       14  handlers.o(i.__scatterload_copy)
    i.__scatterload_null                     0x080044e6   Section        2  handlers.o(i.__scatterload_null)
    i.__scatterload_zeroinit                 0x080044e8   Section       14  handlers.o(i.__scatterload_zeroinit)
    i._printf_core                           0x080044f8   Section        0  printf3.o(i._printf_core)
    _printf_core                             0x080044f9   Thumb Code   436  printf3.o(i._printf_core)
    i.assert_failed                          0x080046b0   Section        0  main.o(i.assert_failed)
    i.encoder_init                           0x080046ec   Section        0  encoder.o(i.encoder_init)
    i.encoder_read                           0x08004728   Section        0  encoder.o(i.encoder_read)
    i.event_add_data                         0x08004778   Section        0  event.o(i.event_add_data)
    i.event_create                           0x0800479c   Section        0  event.o(i.event_create)
    i.event_set_type                         0x080047b2   Section        0  event.o(i.event_set_type)
    i.event_wrap_data                        0x080047b6   Section        0  event.o(i.event_wrap_data)
    i.fputc                                  0x08004820   Section        0  main.o(i.fputc)
    i.main                                   0x0800483c   Section        0  main.o(i.main)
    i.makeFreeRtosPriority                   0x08004872   Section        0  cmsis_os.o(i.makeFreeRtosPriority)
    makeFreeRtosPriority                     0x08004873   Thumb Code    12  cmsis_os.o(i.makeFreeRtosPriority)
    i.malloc                                 0x08004880   Section        0  malloc.o(i.malloc)
    i.osDelay                                0x080048ec   Section        0  cmsis_os.o(i.osDelay)
    i.osKernelStart                          0x080048fa   Section        0  cmsis_os.o(i.osKernelStart)
    i.osSystickHandler                       0x08004904   Section        0  cmsis_os.o(i.osSystickHandler)
    i.osThreadCreate                         0x08004918   Section        0  cmsis_os.o(i.osThreadCreate)
    i.prvAddCurrentTaskToDelayedList         0x08004950   Section        0  tasks.o(i.prvAddCurrentTaskToDelayedList)
    prvAddCurrentTaskToDelayedList           0x08004951   Thumb Code    48  tasks.o(i.prvAddCurrentTaskToDelayedList)
    i.prvCheckForValidListAndQueue           0x08004984   Section        0  timers.o(i.prvCheckForValidListAndQueue)
    prvCheckForValidListAndQueue             0x08004985   Thumb Code    78  timers.o(i.prvCheckForValidListAndQueue)
    i.prvCheckTasksWaitingTermination        0x080049e4   Section        0  tasks.o(i.prvCheckTasksWaitingTermination)
    prvCheckTasksWaitingTermination          0x080049e5   Thumb Code    76  tasks.o(i.prvCheckTasksWaitingTermination)
    i.prvCopyDataFromQueue                   0x08004a38   Section        0  queue.o(i.prvCopyDataFromQueue)
    prvCopyDataFromQueue                     0x08004a39   Thumb Code    38  queue.o(i.prvCopyDataFromQueue)
    i.prvCopyDataToQueue                     0x08004a5e   Section        0  queue.o(i.prvCopyDataToQueue)
    prvCopyDataToQueue                       0x08004a5f   Thumb Code   110  queue.o(i.prvCopyDataToQueue)
    i.prvHeapInit                            0x08004acc   Section        0  heap_4.o(i.prvHeapInit)
    prvHeapInit                              0x08004acd   Thumb Code    66  heap_4.o(i.prvHeapInit)
    i.prvIdleTask                            0x08004b18   Section        0  tasks.o(i.prvIdleTask)
    prvIdleTask                              0x08004b19   Thumb Code    30  tasks.o(i.prvIdleTask)
    i.prvInsertBlockIntoFreeList             0x08004b40   Section        0  heap_4.o(i.prvInsertBlockIntoFreeList)
    prvInsertBlockIntoFreeList               0x08004b41   Thumb Code    72  heap_4.o(i.prvInsertBlockIntoFreeList)
    i.prvInsertTimerInActiveList             0x08004b8c   Section        0  timers.o(i.prvInsertTimerInActiveList)
    prvInsertTimerInActiveList               0x08004b8d   Thumb Code    52  timers.o(i.prvInsertTimerInActiveList)
    i.prvProcessReceivedCommands             0x08004bc4   Section        0  timers.o(i.prvProcessReceivedCommands)
    prvProcessReceivedCommands               0x08004bc5   Thumb Code   182  timers.o(i.prvProcessReceivedCommands)
    i.prvProcessTimerOrBlockTask             0x08004c80   Section        0  timers.o(i.prvProcessTimerOrBlockTask)
    prvProcessTimerOrBlockTask               0x08004c81   Thumb Code   158  timers.o(i.prvProcessTimerOrBlockTask)
    i.prvResetNextTaskUnblockTime            0x08004d28   Section        0  tasks.o(i.prvResetNextTaskUnblockTime)
    prvResetNextTaskUnblockTime              0x08004d29   Thumb Code    26  tasks.o(i.prvResetNextTaskUnblockTime)
    i.prvSampleTimeNow                       0x08004d48   Section        0  timers.o(i.prvSampleTimeNow)
    prvSampleTimeNow                         0x08004d49   Thumb Code    36  timers.o(i.prvSampleTimeNow)
    i.prvSwitchTimerLists                    0x08004d70   Section        0  timers.o(i.prvSwitchTimerLists)
    prvSwitchTimerLists                      0x08004d71   Thumb Code   102  timers.o(i.prvSwitchTimerLists)
    i.prvTaskExitError                       0x08004ddc   Section        0  port.o(i.prvTaskExitError)
    prvTaskExitError                         0x08004ddd   Thumb Code    36  port.o(i.prvTaskExitError)
    i.prvTimerTask                           0x08004e04   Section        0  timers.o(i.prvTimerTask)
    prvTimerTask                             0x08004e05   Thumb Code    32  timers.o(i.prvTimerTask)
    i.prvUnlockQueue                         0x08004e28   Section        0  queue.o(i.prvUnlockQueue)
    prvUnlockQueue                           0x08004e29   Thumb Code   100  queue.o(i.prvUnlockQueue)
    i.pvPortMalloc                           0x08004e8c   Section        0  heap_4.o(i.pvPortMalloc)
    i.pvTaskIncrementMutexHeldCount          0x08004f64   Section        0  tasks.o(i.pvTaskIncrementMutexHeldCount)
    i.pxPortInitialiseStack                  0x08004f7c   Section        0  port.o(i.pxPortInitialiseStack)
    i.uxListRemove                           0x08004fa4   Section        0  list.o(i.uxListRemove)
    i.vFrontPanelInputHandler                0x08004fc8   Section        0  freertos.o(i.vFrontPanelInputHandler)
    i.vKeyboardMode                          0x080053d8   Section        0  freertos.o(i.vKeyboardMode)
    i.vListInitialise                        0x08005580   Section        0  list.o(i.vListInitialise)
    i.vListInitialiseItem                    0x08005596   Section        0  list.o(i.vListInitialiseItem)
    i.vListInsert                            0x0800559c   Section        0  list.o(i.vListInsert)
    i.vListInsertEnd                         0x080055cc   Section        0  list.o(i.vListInsertEnd)
    i.vPortEnterCritical                     0x080055e4   Section        0  port.o(i.vPortEnterCritical)
    i.vPortExitCritical                      0x08005624   Section        0  port.o(i.vPortExitCritical)
    i.vPortFree                              0x0800564c   Section        0  heap_4.o(i.vPortFree)
    i.vPortSetupTimerInterrupt               0x080056a8   Section        0  port.o(i.vPortSetupTimerInterrupt)
    i.vPortValidateInterruptPriority         0x080056c8   Section        0  port.o(i.vPortValidateInterruptPriority)
    i.vQueueAddToRegistry                    0x0800571c   Section        0  queue.o(i.vQueueAddToRegistry)
    i.vQueueWaitForMessageRestricted         0x08005744   Section        0  queue.o(i.vQueueWaitForMessageRestricted)
    i.vTaskDelay                             0x0800577c   Section        0  tasks.o(i.vTaskDelay)
    i.vTaskDelayUntil                        0x080057e4   Section        0  tasks.o(i.vTaskDelayUntil)
    i.vTaskMissedYield                       0x0800588c   Section        0  tasks.o(i.vTaskMissedYield)
    i.vTaskPlaceOnEventList                  0x08005898   Section        0  tasks.o(i.vTaskPlaceOnEventList)
    i.vTaskPlaceOnEventListRestricted        0x080058fc   Section        0  tasks.o(i.vTaskPlaceOnEventListRestricted)
    i.vTaskPriorityInherit                   0x08005948   Section        0  tasks.o(i.vTaskPriorityInherit)
    i.vTaskSetTimeOutState                   0x080059cc   Section        0  tasks.o(i.vTaskSetTimeOutState)
    i.vTaskStartScheduler                    0x080059f0   Section        0  tasks.o(i.vTaskStartScheduler)
    i.vTaskSuspendAll                        0x08005a5c   Section        0  tasks.o(i.vTaskSuspendAll)
    i.vTaskSwitchContext                     0x08005a6c   Section        0  tasks.o(i.vTaskSwitchContext)
    i.xPortStartScheduler                    0x08005ac8   Section        0  port.o(i.xPortStartScheduler)
    i.xPortSysTickHandler                    0x08005ba8   Section        0  port.o(i.xPortSysTickHandler)
    i.xQueueGenericCreate                    0x08005bd4   Section        0  queue.o(i.xQueueGenericCreate)
    i.xQueueGenericReceive                   0x08005c38   Section        0  queue.o(i.xQueueGenericReceive)
    i.xQueueGenericReset                     0x08005da4   Section        0  queue.o(i.xQueueGenericReset)
    i.xQueueGenericSend                      0x08005e28   Section        0  queue.o(i.xQueueGenericSend)
    i.xQueueGenericSendFromISR               0x08005f88   Section        0  queue.o(i.xQueueGenericSendFromISR)
    i.xTaskCheckForTimeOut                   0x08006040   Section        0  tasks.o(i.xTaskCheckForTimeOut)
    i.xTaskGenericCreate                     0x080060ac   Section        0  tasks.o(i.xTaskGenericCreate)
    i.xTaskGetSchedulerState                 0x08006268   Section        0  tasks.o(i.xTaskGetSchedulerState)
    i.xTaskGetTickCount                      0x08006284   Section        0  tasks.o(i.xTaskGetTickCount)
    i.xTaskIncrementTick                     0x08006290   Section        0  tasks.o(i.xTaskIncrementTick)
    i.xTaskPriorityDisinherit                0x0800635c   Section        0  tasks.o(i.xTaskPriorityDisinherit)
    i.xTaskRemoveFromEventList               0x080063f4   Section        0  tasks.o(i.xTaskRemoveFromEventList)
    i.xTaskResumeAll                         0x08006468   Section        0  tasks.o(i.xTaskResumeAll)
    i.xTimerCreateTimerTask                  0x0800652c   Section        0  timers.o(i.xTimerCreateTimerTask)
    i.xTimerGenericCommand                   0x08006578   Section        0  timers.o(i.xTimerGenericCommand)
    .constdata                               0x080065c0   Section        8  stm32f4xx_hal_dma.o(.constdata)
    flagBitshiftOffset                       0x080065c0   Data           8  stm32f4xx_hal_dma.o(.constdata)
    .constdata                               0x080065c8   Section       16  stm32f4xx_hal_rcc.o(.constdata)
    .constdata                               0x080065d8   Section       20  freertos.o(.constdata)
    .conststring                             0x080065ec   Section       80  freertos.o(.conststring)
    .data                                    0x20000000   Section        1  usbd_ctlreq.o(.data)
    cfgidx                                   0x20000000   Data           1  usbd_ctlreq.o(.data)
    .data                                    0x20000001   Section       16  encoder.o(.data)
    enc_states                               0x20000001   Data          16  encoder.o(.data)
    .data                                    0x20000014   Section       24  heap_4.o(.data)
    pxEnd                                    0x20000014   Data           4  heap_4.o(.data)
    xFreeBytesRemaining                      0x20000018   Data           4  heap_4.o(.data)
    xMinimumEverFreeBytesRemaining           0x2000001c   Data           4  heap_4.o(.data)
    xBlockAllocatedBit                       0x20000020   Data           4  heap_4.o(.data)
    xStart                                   0x20000024   Data           8  heap_4.o(.data)
    .data                                    0x2000002c   Section       12  port.o(.data)
    ucMaxSysCallPriority                     0x2000002c   Data           1  port.o(.data)
    uxCriticalNesting                        0x20000030   Data           4  port.o(.data)
    ulMaxPRIGROUPValue                       0x20000034   Data           4  port.o(.data)
    .data                                    0x20000038   Section       16  timers.o(.data)
    xTimerQueue                              0x20000038   Data           4  timers.o(.data)
    xLastTime                                0x2000003c   Data           4  timers.o(.data)
    pxCurrentTimerList                       0x20000040   Data           4  timers.o(.data)
    pxOverflowTimerList                      0x20000044   Data           4  timers.o(.data)
    .data                                    0x20000048   Section       56  tasks.o(.data)
    uxTasksDeleted                           0x2000004c   Data           4  tasks.o(.data)
    uxCurrentNumberOfTasks                   0x20000050   Data           4  tasks.o(.data)
    xTickCount                               0x20000054   Data           4  tasks.o(.data)
    uxTopReadyPriority                       0x20000058   Data           4  tasks.o(.data)
    xSchedulerRunning                        0x2000005c   Data           4  tasks.o(.data)
    uxPendedTicks                            0x20000060   Data           4  tasks.o(.data)
    xYieldPending                            0x20000064   Data           4  tasks.o(.data)
    xNumOfOverflows                          0x20000068   Data           4  tasks.o(.data)
    uxTaskNumber                             0x2000006c   Data           4  tasks.o(.data)
    xNextTaskUnblockTime                     0x20000070   Data           4  tasks.o(.data)
    uxSchedulerSuspended                     0x20000074   Data           4  tasks.o(.data)
    pxDelayedTaskList                        0x20000078   Data           4  tasks.o(.data)
    pxOverflowDelayedTaskList                0x2000007c   Data           4  tasks.o(.data)
    .data                                    0x20000080   Section        4  system_stm32f4xx.o(.data)
    .data                                    0x20000084   Section        4  stm32f4xx_hal.o(.data)
    uwTick                                   0x20000084   Data           4  stm32f4xx_hal.o(.data)
    .data                                    0x20000088   Section        4  main.o(.data)
    .data                                    0x2000008c   Section       36  freertos.o(.data)
    fpi_bs_new                               0x2000008c   Data           4  freertos.o(.data)
    fpi_bs_old                               0x20000090   Data           4  freertos.o(.data)
    ev                                       0x20000094   Data           4  freertos.o(.data)
    .data                                    0x200000b0   Section        4  mvars.o(.data)
    .data                                    0x200000b4   Section        4  mvars.o(.data)
    .bss                                     0x200000b8   Section       64  queue.o(.bss)
    .bss                                     0x200000f8   Section    30720  heap_4.o(.bss)
    ucHeap                                   0x200000f8   Data       30720  heap_4.o(.bss)
    .bss                                     0x200078f8   Section       40  timers.o(.bss)
    xActiveTimerList1                        0x200078f8   Data          20  timers.o(.bss)
    xActiveTimerList2                        0x2000790c   Data          20  timers.o(.bss)
    .bss                                     0x20007920   Section      240  tasks.o(.bss)
    pxReadyTasksLists                        0x20007920   Data         140  tasks.o(.bss)
    xDelayedTaskList1                        0x200079ac   Data          20  tasks.o(.bss)
    xDelayedTaskList2                        0x200079c0   Data          20  tasks.o(.bss)
    xPendingReadyList                        0x200079d4   Data          20  tasks.o(.bss)
    xTasksWaitingTermination                 0x200079e8   Data          20  tasks.o(.bss)
    xSuspendedTaskList                       0x200079fc   Data          20  tasks.o(.bss)
    .bss                                     0x20007a10   Section      128  usart.o(.bss)
    .bss                                     0x20007a90   Section       96  sdio.o(.bss)
    .bss                                     0x20007af0   Section      156  adc.o(.bss)
    .bss                                     0x20007b8c   Section      264  spi.o(.bss)
    .bss                                     0x20007c94   Section      952  usbd_conf.o(.bss)
    .bss                                     0x2000804c   Section       68  i2s.o(.bss)
    .bss                                     0x20008090   Section      236  i2c.o(.bss)
    HEAP                                     0x20008180   Section      512  startup_stm32f401xc.o(HEAP)
    STACK                                    0x20008380   Section     1024  startup_stm32f401xc.o(STACK)

    Global Symbols

    Symbol Name                              Value     Ov Type        Size  Object(Section)

    BuildAttributes$$THM_ISAv4$E$P$D$K$B$S$7EM$VFPi3$EXTD16$VFPS$VFMA$PE$A:L22UL41UL21$X:L11$S22US41US21$IEEE1$IW$USESV6$~STKCKD$USESV7$~SHL$OSPACE$ROPI$EBA8$MICROLIB$REQ8$PRES8$EABIv2 0x00000000   Number         0  anon$$obj.o ABSOLUTE
    __ARM_use_no_argv                        0x00000000   Number         0  main.o ABSOLUTE
    _printf_a                                0x00000000   Number         0  stubs.o ABSOLUTE
    _printf_c                                0x00000000   Number         0  stubs.o ABSOLUTE
    _printf_charcount                        0x00000000   Number         0  stubs.o ABSOLUTE
    _printf_d                                0x00000000   Number         0  stubs.o ABSOLUTE
    _printf_e                                0x00000000   Number         0  stubs.o ABSOLUTE
    _printf_f                                0x00000000   Number         0  stubs.o ABSOLUTE
    _printf_flags                            0x00000000   Number         0  stubs.o ABSOLUTE
    _printf_fp_dec                           0x00000000   Number         0  stubs.o ABSOLUTE
    _printf_fp_hex                           0x00000000   Number         0  stubs.o ABSOLUTE
    _printf_g                                0x00000000   Number         0  stubs.o ABSOLUTE
    _printf_i                                0x00000000   Number         0  stubs.o ABSOLUTE
    _printf_int_dec                          0x00000000   Number         0  stubs.o ABSOLUTE
    _printf_l                                0x00000000   Number         0  stubs.o ABSOLUTE
    _printf_lc                               0x00000000   Number         0  stubs.o ABSOLUTE
    _printf_ll                               0x00000000   Number         0  stubs.o ABSOLUTE
    _printf_lld                              0x00000000   Number         0  stubs.o ABSOLUTE
    _printf_lli                              0x00000000   Number         0  stubs.o ABSOLUTE
    _printf_llo                              0x00000000   Number         0  stubs.o ABSOLUTE
    _printf_llu                              0x00000000   Number         0  stubs.o ABSOLUTE
    _printf_llx                              0x00000000   Number         0  stubs.o ABSOLUTE
    _printf_longlong_dec                     0x00000000   Number         0  stubs.o ABSOLUTE
    _printf_longlong_hex                     0x00000000   Number         0  stubs.o ABSOLUTE
    _printf_longlong_oct                     0x00000000   Number         0  stubs.o ABSOLUTE
    _printf_ls                               0x00000000   Number         0  stubs.o ABSOLUTE
    _printf_mbtowc                           0x00000000   Number         0  stubs.o ABSOLUTE
    _printf_n                                0x00000000   Number         0  stubs.o ABSOLUTE
    _printf_o                                0x00000000   Number         0  stubs.o ABSOLUTE
    _printf_p                                0x00000000   Number         0  stubs.o ABSOLUTE
    _printf_percent                          0x00000000   Number         0  stubs.o ABSOLUTE
    _printf_pre_padding                      0x00000000   Number         0  stubs.o ABSOLUTE
    _printf_return_value                     0x00000000   Number         0  stubs.o ABSOLUTE
    _printf_s                                0x00000000   Number         0  stubs.o ABSOLUTE
    _printf_sizespec                         0x00000000   Number         0  stubs.o ABSOLUTE
    _printf_str                              0x00000000   Number         0  stubs.o ABSOLUTE
    _printf_truncate_signed                  0x00000000   Number         0  stubs.o ABSOLUTE
    _printf_truncate_unsigned                0x00000000   Number         0  stubs.o ABSOLUTE
    _printf_u                                0x00000000   Number         0  stubs.o ABSOLUTE
    _printf_wc                               0x00000000   Number         0  stubs.o ABSOLUTE
    _printf_wctomb                           0x00000000   Number         0  stubs.o ABSOLUTE
    _printf_widthprec                        0x00000000   Number         0  stubs.o ABSOLUTE
    _printf_x                                0x00000000   Number         0  stubs.o ABSOLUTE
    __cpp_initialize__aeabi_                  - Undefined Weak Reference
    __cxa_finalize                            - Undefined Weak Reference
    __decompress                              - Undefined Weak Reference
    _clock_init                               - Undefined Weak Reference
    _microlib_exit                            - Undefined Weak Reference
    __Vectors_Size                           0x00000194   Number         0  startup_stm32f401xc.o ABSOLUTE
    __Vectors                                0x08000000   Data           4  startup_stm32f401xc.o(RESET)
    __Vectors_End                            0x08000194   Data           0  startup_stm32f401xc.o(RESET)
    __main                                   0x08000195   Thumb Code     0  entry.o(.ARM.Collect$$$$00000000)
    _main_stk                                0x08000195   Thumb Code     0  entry2.o(.ARM.Collect$$$$00000001)
    _main_scatterload                        0x08000199   Thumb Code     0  entry5.o(.ARM.Collect$$$$00000004)
    __main_after_scatterload                 0x0800019d   Thumb Code     0  entry5.o(.ARM.Collect$$$$00000004)
    _main_clock                              0x0800019d   Thumb Code     0  entry7b.o(.ARM.Collect$$$$00000008)
    _main_cpp_init                           0x0800019d   Thumb Code     0  entry8b.o(.ARM.Collect$$$$0000000A)
    _main_init                               0x0800019d   Thumb Code     0  entry9a.o(.ARM.Collect$$$$0000000B)
    __rt_final_cpp                           0x080001a5   Thumb Code     0  entry10a.o(.ARM.Collect$$$$0000000D)
    __rt_final_exit                          0x080001a5   Thumb Code     0  entry11a.o(.ARM.Collect$$$$0000000F)
    SVC_Handler                              0x080001a9   Thumb Code    28  port.o(.emb_text)
    __asm___6_port_c_39a90d8d__prvStartFirstTask 0x080001c9   Thumb Code    28  port.o(.emb_text)
    __asm___6_port_c_39a90d8d__prvEnableVFP  0x080001e9   Thumb Code    16  port.o(.emb_text)
    PendSV_Handler                           0x080001fd   Thumb Code    92  port.o(.emb_text)
    vPortGetIPSR                             0x0800025d   Thumb Code     6  port.o(.emb_text)
    Reset_Handler                            0x08000265   Thumb Code     8  startup_stm32f401xc.o(.text)
    NMI_Handler                              0x0800026d   Thumb Code     2  startup_stm32f401xc.o(.text)
    HardFault_Handler                        0x0800026f   Thumb Code     2  startup_stm32f401xc.o(.text)
    MemManage_Handler                        0x08000271   Thumb Code     2  startup_stm32f401xc.o(.text)
    BusFault_Handler                         0x08000273   Thumb Code     2  startup_stm32f401xc.o(.text)
    UsageFault_Handler                       0x08000275   Thumb Code     2  startup_stm32f401xc.o(.text)
    DebugMon_Handler                         0x08000279   Thumb Code     2  startup_stm32f401xc.o(.text)
    ADC_IRQHandler                           0x0800027f   Thumb Code     0  startup_stm32f401xc.o(.text)
    DMA1_Stream1_IRQHandler                  0x0800027f   Thumb Code     0  startup_stm32f401xc.o(.text)
    DMA1_Stream2_IRQHandler                  0x0800027f   Thumb Code     0  startup_stm32f401xc.o(.text)
    DMA1_Stream3_IRQHandler                  0x0800027f   Thumb Code     0  startup_stm32f401xc.o(.text)
    DMA1_Stream4_IRQHandler                  0x0800027f   Thumb Code     0  startup_stm32f401xc.o(.text)
    DMA1_Stream5_IRQHandler                  0x0800027f   Thumb Code     0  startup_stm32f401xc.o(.text)
    DMA1_Stream7_IRQHandler                  0x0800027f   Thumb Code     0  startup_stm32f401xc.o(.text)
    DMA2_Stream1_IRQHandler                  0x0800027f   Thumb Code     0  startup_stm32f401xc.o(.text)
    DMA2_Stream2_IRQHandler                  0x0800027f   Thumb Code     0  startup_stm32f401xc.o(.text)
    DMA2_Stream5_IRQHandler                  0x0800027f   Thumb Code     0  startup_stm32f401xc.o(.text)
    DMA2_Stream6_IRQHandler                  0x0800027f   Thumb Code     0  startup_stm32f401xc.o(.text)
    DMA2_Stream7_IRQHandler                  0x0800027f   Thumb Code     0  startup_stm32f401xc.o(.text)
    EXTI0_IRQHandler                         0x0800027f   Thumb Code     0  startup_stm32f401xc.o(.text)
    EXTI15_10_IRQHandler                     0x0800027f   Thumb Code     0  startup_stm32f401xc.o(.text)
    EXTI1_IRQHandler                         0x0800027f   Thumb Code     0  startup_stm32f401xc.o(.text)
    EXTI2_IRQHandler                         0x0800027f   Thumb Code     0  startup_stm32f401xc.o(.text)
    EXTI3_IRQHandler                         0x0800027f   Thumb Code     0  startup_stm32f401xc.o(.text)
    EXTI4_IRQHandler                         0x0800027f   Thumb Code     0  startup_stm32f401xc.o(.text)
    EXTI9_5_IRQHandler                       0x0800027f   Thumb Code     0  startup_stm32f401xc.o(.text)
    FLASH_IRQHandler                         0x0800027f   Thumb Code     0  startup_stm32f401xc.o(.text)
    FPU_IRQHandler                           0x0800027f   Thumb Code     0  startup_stm32f401xc.o(.text)
    I2C1_ER_IRQHandler                       0x0800027f   Thumb Code     0  startup_stm32f401xc.o(.text)
    I2C1_EV_IRQHandler                       0x0800027f   Thumb Code     0  startup_stm32f401xc.o(.text)
    I2C2_ER_IRQHandler                       0x0800027f   Thumb Code     0  startup_stm32f401xc.o(.text)
    I2C2_EV_IRQHandler                       0x0800027f   Thumb Code     0  startup_stm32f401xc.o(.text)
    I2C3_ER_IRQHandler                       0x0800027f   Thumb Code     0  startup_stm32f401xc.o(.text)
    I2C3_EV_IRQHandler                       0x0800027f   Thumb Code     0  startup_stm32f401xc.o(.text)
    OTG_FS_WKUP_IRQHandler                   0x0800027f   Thumb Code     0  startup_stm32f401xc.o(.text)
    PVD_IRQHandler                           0x0800027f   Thumb Code     0  startup_stm32f401xc.o(.text)
    RCC_IRQHandler                           0x0800027f   Thumb Code     0  startup_stm32f401xc.o(.text)
    RTC_Alarm_IRQHandler                     0x0800027f   Thumb Code     0  startup_stm32f401xc.o(.text)
    RTC_WKUP_IRQHandler                      0x0800027f   Thumb Code     0  startup_stm32f401xc.o(.text)
    SDIO_IRQHandler                          0x0800027f   Thumb Code     0  startup_stm32f401xc.o(.text)
    SPI1_IRQHandler                          0x0800027f   Thumb Code     0  startup_stm32f401xc.o(.text)
    SPI2_IRQHandler                          0x0800027f   Thumb Code     0  startup_stm32f401xc.o(.text)
    SPI3_IRQHandler                          0x0800027f   Thumb Code     0  startup_stm32f401xc.o(.text)
    SPI4_IRQHandler                          0x0800027f   Thumb Code     0  startup_stm32f401xc.o(.text)
    TAMP_STAMP_IRQHandler                    0x0800027f   Thumb Code     0  startup_stm32f401xc.o(.text)
    TIM1_BRK_TIM9_IRQHandler                 0x0800027f   Thumb Code     0  startup_stm32f401xc.o(.text)
    TIM1_CC_IRQHandler                       0x0800027f   Thumb Code     0  startup_stm32f401xc.o(.text)
    TIM1_TRG_COM_TIM11_IRQHandler            0x0800027f   Thumb Code     0  startup_stm32f401xc.o(.text)
    TIM1_UP_TIM10_IRQHandler                 0x0800027f   Thumb Code     0  startup_stm32f401xc.o(.text)
    TIM2_IRQHandler                          0x0800027f   Thumb Code     0  startup_stm32f401xc.o(.text)
    TIM3_IRQHandler                          0x0800027f   Thumb Code     0  startup_stm32f401xc.o(.text)
    TIM4_IRQHandler                          0x0800027f   Thumb Code     0  startup_stm32f401xc.o(.text)
    TIM5_IRQHandler                          0x0800027f   Thumb Code     0  startup_stm32f401xc.o(.text)
    USART2_IRQHandler                        0x0800027f   Thumb Code     0  startup_stm32f401xc.o(.text)
    USART6_IRQHandler                        0x0800027f   Thumb Code     0  startup_stm32f401xc.o(.text)
    WWDG_IRQHandler                          0x0800027f   Thumb Code     0  startup_stm32f401xc.o(.text)
    __aeabi_memcpy                           0x08000289   Thumb Code    36  memcpya.o(.text)
    __aeabi_memcpy4                          0x08000289   Thumb Code     0  memcpya.o(.text)
    __aeabi_memcpy8                          0x08000289   Thumb Code     0  memcpya.o(.text)
    __aeabi_memset                           0x080002ad   Thumb Code    14  memseta.o(.text)
    __aeabi_memset4                          0x080002ad   Thumb Code     0  memseta.o(.text)
    __aeabi_memset8                          0x080002ad   Thumb Code     0  memseta.o(.text)
    __aeabi_memclr                           0x080002bb   Thumb Code     4  memseta.o(.text)
    __aeabi_memclr4                          0x080002bb   Thumb Code     0  memseta.o(.text)
    __aeabi_memclr8                          0x080002bb   Thumb Code     0  memseta.o(.text)
    _memset$wrapper                          0x080002bf   Thumb Code    18  memseta.o(.text)
    calloc                                   0x080002d1   Thumb Code    28  calloc.o(.text)
    __aeabi_uidiv                            0x080002ed   Thumb Code     0  uidiv.o(.text)
    __aeabi_uidivmod                         0x080002ed   Thumb Code    44  uidiv.o(.text)
    __scatterload                            0x08000319   Thumb Code    28  init.o(.text)
    __scatterload_rt2                        0x08000319   Thumb Code     0  init.o(.text)
    DMA1_Stream0_IRQHandler                  0x080004c1   Thumb Code     6  stm32f4xx_it.o(i.DMA1_Stream0_IRQHandler)
    DMA1_Stream6_IRQHandler                  0x080004cd   Thumb Code     6  stm32f4xx_it.o(i.DMA1_Stream6_IRQHandler)
    DMA2_Stream0_IRQHandler                  0x080004d9   Thumb Code     6  stm32f4xx_it.o(i.DMA2_Stream0_IRQHandler)
    DMA2_Stream3_IRQHandler                  0x080004e5   Thumb Code     6  stm32f4xx_it.o(i.DMA2_Stream3_IRQHandler)
    DMA2_Stream4_IRQHandler                  0x080004f1   Thumb Code     6  stm32f4xx_it.o(i.DMA2_Stream4_IRQHandler)
    HAL_ADC_ConfigChannel                    0x08000525   Thumb Code   402  stm32f4xx_hal_adc.o(i.HAL_ADC_ConfigChannel)
    HAL_ADC_Init                             0x080006fd   Thumb Code   426  stm32f4xx_hal_adc.o(i.HAL_ADC_Init)
    HAL_ADC_MspInit                          0x080008e9   Thumb Code    98  adc.o(i.HAL_ADC_MspInit)
    HAL_DMA_IRQHandler                       0x08000961   Thumb Code   412  stm32f4xx_hal_dma.o(i.HAL_DMA_IRQHandler)
    HAL_DMA_Init                             0x08000b01   Thumb Code   572  stm32f4xx_hal_dma.o(i.HAL_DMA_Init)
    HAL_GPIO_Init                            0x08000d81   Thumb Code   584  stm32f4xx_hal_gpio.o(i.HAL_GPIO_Init)
    HAL_GPIO_ReadPin                         0x08001041   Thumb Code    28  stm32f4xx_hal_gpio.o(i.HAL_GPIO_ReadPin)
    HAL_GetTick                              0x08001099   Thumb Code     6  stm32f4xx_hal.o(i.HAL_GetTick)
    HAL_I2C_Init                             0x080010a5   Thumb Code   422  stm32f4xx_hal_i2c.o(i.HAL_I2C_Init)
    HAL_I2C_MspInit                          0x0800129d   Thumb Code   156  i2c.o(i.HAL_I2C_MspInit)
    HAL_I2S_Init                             0x0800134d   Thumb Code   514  stm32f4xx_hal_i2s_ex.o(i.HAL_I2S_Init)
    HAL_I2S_MspInit                          0x08001599   Thumb Code   104  i2s.o(i.HAL_I2S_MspInit)
    HAL_Init                                 0x08001611   Thumb Code    48  stm32f4xx_hal.o(i.HAL_Init)
    HAL_InitTick                             0x08001645   Thumb Code    34  stm32f4xx_hal.o(i.HAL_InitTick)
    HAL_MspInit                              0x08001667   Thumb Code    22  stm32f4xx_hal_msp.o(i.HAL_MspInit)
    HAL_NVIC_EnableIRQ                       0x0800167d   Thumb Code    36  stm32f4xx_hal_cortex.o(i.HAL_NVIC_EnableIRQ)
    HAL_NVIC_SetPriority                     0x080016dd   Thumb Code    94  stm32f4xx_hal_cortex.o(i.HAL_NVIC_SetPriority)
    HAL_NVIC_SetPriorityGrouping             0x0800177d   Thumb Code    58  stm32f4xx_hal_cortex.o(i.HAL_NVIC_SetPriorityGrouping)
    HAL_PCD_ConnectCallback                  0x080017fd   Thumb Code     8  usbd_conf.o(i.HAL_PCD_ConnectCallback)
    HAL_PCD_DataInStageCallback              0x08001805   Thumb Code    18  usbd_conf.o(i.HAL_PCD_DataInStageCallback)
    HAL_PCD_DataOutStageCallback             0x08001817   Thumb Code    20  usbd_conf.o(i.HAL_PCD_DataOutStageCallback)
    HAL_PCD_DisconnectCallback               0x0800182b   Thumb Code     8  usbd_conf.o(i.HAL_PCD_DisconnectCallback)
    HAL_PCD_EP_ClrStall                      0x08001833   Thumb Code    80  stm32f4xx_hal_pcd.o(i.HAL_PCD_EP_ClrStall)
    HAL_PCD_EP_Open                          0x08001883   Thumb Code    84  stm32f4xx_hal_pcd.o(i.HAL_PCD_EP_Open)
    HAL_PCD_EP_Receive                       0x080018d9   Thumb Code    94  stm32f4xx_hal_pcd.o(i.HAL_PCD_EP_Receive)
    HAL_PCD_EP_SetStall                      0x08001937   Thumb Code    96  stm32f4xx_hal_pcd.o(i.HAL_PCD_EP_SetStall)
    HAL_PCD_EP_Transmit                      0x08001997   Thumb Code    86  stm32f4xx_hal_pcd.o(i.HAL_PCD_EP_Transmit)
    HAL_PCD_IRQHandler                       0x080019ed   Thumb Code  1022  stm32f4xx_hal_pcd.o(i.HAL_PCD_IRQHandler)
    HAL_PCD_ISOINIncompleteCallback          0x08001deb   Thumb Code     8  usbd_conf.o(i.HAL_PCD_ISOINIncompleteCallback)
    HAL_PCD_ISOOUTIncompleteCallback         0x08001df3   Thumb Code     8  usbd_conf.o(i.HAL_PCD_ISOOUTIncompleteCallback)
    HAL_PCD_ResetCallback                    0x08001dfb   Thumb Code    32  usbd_conf.o(i.HAL_PCD_ResetCallback)
    HAL_PCD_ResumeCallback                   0x08001e1b   Thumb Code     8  usbd_conf.o(i.HAL_PCD_ResumeCallback)
    HAL_PCD_SOFCallback                      0x08001e23   Thumb Code     8  usbd_conf.o(i.HAL_PCD_SOFCallback)
    HAL_PCD_SetAddress                       0x08001e2b   Thumb Code    36  stm32f4xx_hal_pcd.o(i.HAL_PCD_SetAddress)
    HAL_PCD_SetupStageCallback               0x08001e4f   Thumb Code    14  usbd_conf.o(i.HAL_PCD_SetupStageCallback)
    HAL_PCD_SuspendCallback                  0x08001e5d   Thumb Code    44  usbd_conf.o(i.HAL_PCD_SuspendCallback)
    HAL_RCCEx_PeriphCLKConfig                0x08001e8d   Thumb Code   368  stm32f4xx_hal_rcc_ex.o(i.HAL_RCCEx_PeriphCLKConfig)
    HAL_RCC_ClockConfig                      0x0800204d   Thumb Code   798  stm32f4xx_hal_rcc.o(i.HAL_RCC_ClockConfig)
    HAL_RCC_GetHCLKFreq                      0x080023ad   Thumb Code    38  stm32f4xx_hal_rcc.o(i.HAL_RCC_GetHCLKFreq)
    HAL_RCC_GetPCLK1Freq                     0x080023e1   Thumb Code    36  stm32f4xx_hal_rcc.o(i.HAL_RCC_GetPCLK1Freq)
    HAL_RCC_GetPCLK2Freq                     0x0800240d   Thumb Code    36  stm32f4xx_hal_rcc.o(i.HAL_RCC_GetPCLK2Freq)
    HAL_RCC_GetSysClockFreq                  0x08002439   Thumb Code    88  stm32f4xx_hal_rcc.o(i.HAL_RCC_GetSysClockFreq)
    HAL_RCC_OscConfig                        0x08002499   Thumb Code  1118  stm32f4xx_hal_rcc.o(i.HAL_RCC_OscConfig)
    HAL_SPI_Init                             0x080028f9   Thumb Code   360  stm32f4xx_hal_spi.o(i.HAL_SPI_Init)
    HAL_SPI_MspInit                          0x08002a99   Thumb Code   154  spi.o(i.HAL_SPI_MspInit)
    HAL_SYSTICK_CLKSourceConfig              0x08002b49   Thumb Code    40  stm32f4xx_hal_cortex.o(i.HAL_SYSTICK_CLKSourceConfig)
    HAL_SYSTICK_Config                       0x08002bad   Thumb Code    40  stm32f4xx_hal_cortex.o(i.HAL_SYSTICK_Config)
    HAL_UART_ErrorCallback                   0x08002bd5   Thumb Code     2  stm32f4xx_hal_uart.o(i.HAL_UART_ErrorCallback)
    HAL_UART_IRQHandler                      0x08002bd9   Thumb Code   246  stm32f4xx_hal_uart.o(i.HAL_UART_IRQHandler)
    HAL_UART_Init                            0x08002cd1   Thumb Code   216  stm32f4xx_hal_uart.o(i.HAL_UART_Init)
    HAL_UART_MspInit                         0x08002df1   Thumb Code   126  usart.o(i.HAL_UART_MspInit)
    HAL_UART_RxCpltCallback                  0x08002e85   Thumb Code     2  stm32f4xx_hal_uart.o(i.HAL_UART_RxCpltCallback)
    HAL_UART_TxCpltCallback                  0x08002e87   Thumb Code     2  stm32f4xx_hal_uart.o(i.HAL_UART_TxCpltCallback)
    I2S_GetInputClock                        0x08002e89   Thumb Code    60  stm32f4xx_hal_i2s_ex.o(i.I2S_GetInputClock)
    MX_ADC1_Init                             0x08002ed5   Thumb Code    66  adc.o(i.MX_ADC1_Init)
    MX_DMA_Init                              0x08002f21   Thumb Code   120  dma.o(i.MX_DMA_Init)
    MX_FREERTOS_Init                         0x08002f9d   Thumb Code   202  freertos.o(i.MX_FREERTOS_Init)
    MX_GPIO_Init                             0x080030d1   Thumb Code   268  gpio.o(i.MX_GPIO_Init)
    MX_I2C1_Init                             0x080031f5   Thumb Code    34  i2c.o(i.MX_I2C1_Init)
    MX_I2S2_Init                             0x08003225   Thumb Code    36  i2s.o(i.MX_I2S2_Init)
    MX_SDIO_SD_Init                          0x08003251   Thumb Code    22  sdio.o(i.MX_SDIO_SD_Init)
    MX_SPI1_Init                             0x08003271   Thumb Code    44  spi.o(i.MX_SPI1_Init)
    MX_USART1_UART_Init                      0x080032a5   Thumb Code    32  usart.o(i.MX_USART1_UART_Init)
    MX_USART2_UART_Init                      0x080032cd   Thumb Code    32  usart.o(i.MX_USART2_UART_Init)
    OTG_FS_IRQHandler                        0x08003315   Thumb Code     6  stm32f4xx_it.o(i.OTG_FS_IRQHandler)
    StartDefaultTask                         0x080033b7   Thumb Code     8  freertos.o(i.StartDefaultTask)
    SysTick_Handler                          0x080033bf   Thumb Code     4  stm32f4xx_it.o(i.SysTick_Handler)
    SystemClock_Config                       0x080033c5   Thumb Code   152  main.o(i.SystemClock_Config)
    SystemInit                               0x08003465   Thumb Code    66  system_stm32f4xx.o(i.SystemInit)
    USART1_IRQHandler                        0x080037d5   Thumb Code     6  stm32f4xx_it.o(i.USART1_IRQHandler)
    USBD_ClrClassConfig                      0x080037e1   Thumb Code    14  usbd_core.o(i.USBD_ClrClassConfig)
    USBD_CtlContinueRx                       0x080037ef   Thumb Code    16  usbd_ioreq.o(i.USBD_CtlContinueRx)
    USBD_CtlContinueSendData                 0x080037ff   Thumb Code    16  usbd_ioreq.o(i.USBD_CtlContinueSendData)
    USBD_CtlError                            0x0800380f   Thumb Code    22  usbd_ctlreq.o(i.USBD_CtlError)
    USBD_CtlReceiveStatus                    0x08003825   Thumb Code    22  usbd_ioreq.o(i.USBD_CtlReceiveStatus)
    USBD_CtlSendData                         0x0800383b   Thumb Code    26  usbd_ioreq.o(i.USBD_CtlSendData)
    USBD_CtlSendStatus                       0x08003855   Thumb Code    22  usbd_ioreq.o(i.USBD_CtlSendStatus)
    USBD_LL_ClearStallEP                     0x0800394b   Thumb Code    14  usbd_conf.o(i.USBD_LL_ClearStallEP)
    USBD_LL_DataInStage                      0x08003959   Thumb Code   170  usbd_core.o(i.USBD_LL_DataInStage)
    USBD_LL_DataOutStage                     0x08003a03   Thumb Code   106  usbd_core.o(i.USBD_LL_DataOutStage)
    USBD_LL_DevConnected                     0x08003a6d   Thumb Code     4  usbd_core.o(i.USBD_LL_DevConnected)
    USBD_LL_DevDisconnected                  0x08003a71   Thumb Code    22  usbd_core.o(i.USBD_LL_DevDisconnected)
    USBD_LL_IsStallEP                        0x08003a87   Thumb Code    32  usbd_conf.o(i.USBD_LL_IsStallEP)
    USBD_LL_IsoINIncomplete                  0x08003aa7   Thumb Code     4  usbd_core.o(i.USBD_LL_IsoINIncomplete)
    USBD_LL_IsoOUTIncomplete                 0x08003aab   Thumb Code     4  usbd_core.o(i.USBD_LL_IsoOUTIncomplete)
    USBD_LL_OpenEP                           0x08003aaf   Thumb Code    20  usbd_conf.o(i.USBD_LL_OpenEP)
    USBD_LL_PrepareReceive                   0x08003ac3   Thumb Code    14  usbd_conf.o(i.USBD_LL_PrepareReceive)
    USBD_LL_Reset                            0x08003ad1   Thumb Code    62  usbd_core.o(i.USBD_LL_Reset)
    USBD_LL_Resume                           0x08003b0f   Thumb Code    12  usbd_core.o(i.USBD_LL_Resume)
    USBD_LL_SOF                              0x08003b1b   Thumb Code    24  usbd_core.o(i.USBD_LL_SOF)
    USBD_LL_SetSpeed                         0x08003b33   Thumb Code     6  usbd_core.o(i.USBD_LL_SetSpeed)
    USBD_LL_SetUSBAddress                    0x08003b39   Thumb Code    14  usbd_conf.o(i.USBD_LL_SetUSBAddress)
    USBD_LL_SetupStage                       0x08003b47   Thumb Code    90  usbd_core.o(i.USBD_LL_SetupStage)
    USBD_LL_StallEP                          0x08003ba1   Thumb Code    14  usbd_conf.o(i.USBD_LL_StallEP)
    USBD_LL_Suspend                          0x08003baf   Thumb Code    18  usbd_core.o(i.USBD_LL_Suspend)
    USBD_LL_Transmit                         0x08003bc1   Thumb Code    14  usbd_conf.o(i.USBD_LL_Transmit)
    USBD_ParseSetupRequest                   0x08003bcf   Thumb Code    40  usbd_ctlreq.o(i.USBD_ParseSetupRequest)
    USBD_SetClassConfig                      0x08003bf7   Thumb Code    22  usbd_core.o(i.USBD_SetClassConfig)
    USBD_StdDevReq                           0x08003c81   Thumb Code   242  usbd_ctlreq.o(i.USBD_StdDevReq)
    USBD_StdEPReq                            0x08003d73   Thumb Code   220  usbd_ctlreq.o(i.USBD_StdEPReq)
    USBD_StdItfReq                           0x08003e4f   Thumb Code    52  usbd_ctlreq.o(i.USBD_StdItfReq)
    USB_ActivateEndpoint                     0x08003e85   Thumb Code   122  stm32f4xx_ll_usb.o(i.USB_ActivateEndpoint)
    USB_ActivateSetup                        0x08003f05   Thumb Code    52  stm32f4xx_ll_usb.o(i.USB_ActivateSetup)
    USB_EP0StartXfer                         0x08003f39   Thumb Code   316  stm32f4xx_ll_usb.o(i.USB_EP0StartXfer)
    USB_EP0_OutStart                         0x08004079   Thumb Code    62  stm32f4xx_ll_usb.o(i.USB_EP0_OutStart)
    USB_EPClearStall                         0x080040b7   Thumb Code   100  stm32f4xx_ll_usb.o(i.USB_EPClearStall)
    USB_EPSetStall                           0x0800411b   Thumb Code    94  stm32f4xx_ll_usb.o(i.USB_EPSetStall)
    USB_EPStartXfer                          0x08004179   Thumb Code   534  stm32f4xx_ll_usb.o(i.USB_EPStartXfer)
    USB_FlushTxFifo                          0x08004395   Thumb Code    32  stm32f4xx_ll_usb.o(i.USB_FlushTxFifo)
    USB_GetDevSpeed                          0x080043b9   Thumb Code    60  stm32f4xx_ll_usb.o(i.USB_GetDevSpeed)
    USB_GetMode                              0x080043f5   Thumb Code     8  stm32f4xx_ll_usb.o(i.USB_GetMode)
    USB_ReadDevAllInEpInterrupt              0x080043fd   Thumb Code    14  stm32f4xx_ll_usb.o(i.USB_ReadDevAllInEpInterrupt)
    USB_ReadDevAllOutEpInterrupt             0x0800440b   Thumb Code    14  stm32f4xx_ll_usb.o(i.USB_ReadDevAllOutEpInterrupt)
    USB_ReadDevInEPInterrupt                 0x08004419   Thumb Code    30  stm32f4xx_ll_usb.o(i.USB_ReadDevInEPInterrupt)
    USB_ReadDevOutEPInterrupt                0x08004437   Thumb Code    16  stm32f4xx_ll_usb.o(i.USB_ReadDevOutEPInterrupt)
    USB_ReadInterrupts                       0x08004447   Thumb Code     8  stm32f4xx_ll_usb.o(i.USB_ReadInterrupts)
    USB_ReadPacket                           0x0800444f   Thumb Code    32  stm32f4xx_ll_usb.o(i.USB_ReadPacket)
    USB_SetDevAddress                        0x0800446f   Thumb Code    34  stm32f4xx_ll_usb.o(i.USB_SetDevAddress)
    USB_WritePacket                          0x08004491   Thumb Code    40  stm32f4xx_ll_usb.o(i.USB_WritePacket)
    __0printf$3                              0x080044b9   Thumb Code    22  printf3.o(i.__0printf$3)
    __1printf$3                              0x080044b9   Thumb Code     0  printf3.o(i.__0printf$3)
    __2printf                                0x080044b9   Thumb Code     0  printf3.o(i.__0printf$3)
    __scatterload_copy                       0x080044d9   Thumb Code    14  handlers.o(i.__scatterload_copy)
    __scatterload_null                       0x080044e7   Thumb Code     2  handlers.o(i.__scatterload_null)
    __scatterload_zeroinit                   0x080044e9   Thumb Code    14  handlers.o(i.__scatterload_zeroinit)
    assert_failed                            0x080046b1   Thumb Code    10  main.o(i.assert_failed)
    encoder_init                             0x080046ed   Thumb Code    58  encoder.o(i.encoder_init)
    encoder_read                             0x08004729   Thumb Code    76  encoder.o(i.encoder_read)
    event_add_data                           0x08004779   Thumb Code    36  event.o(i.event_add_data)
    event_create                             0x0800479d   Thumb Code    22  event.o(i.event_create)
    event_set_type                           0x080047b3   Thumb Code     4  event.o(i.event_set_type)
    event_wrap_data                          0x080047b7   Thumb Code   106  event.o(i.event_wrap_data)
    fputc                                    0x08004821   Thumb Code    22  main.o(i.fputc)
    main                                     0x0800483d   Thumb Code    54  main.o(i.main)
    malloc                                   0x08004881   Thumb Code    92  malloc.o(i.malloc)
    osDelay                                  0x080048ed   Thumb Code    14  cmsis_os.o(i.osDelay)
    osKernelStart                            0x080048fb   Thumb Code    10  cmsis_os.o(i.osKernelStart)
    osSystickHandler                         0x08004905   Thumb Code    20  cmsis_os.o(i.osSystickHandler)
    osThreadCreate                           0x08004919   Thumb Code    56  cmsis_os.o(i.osThreadCreate)
    pvPortMalloc                             0x08004e8d   Thumb Code   210  heap_4.o(i.pvPortMalloc)
    pvTaskIncrementMutexHeldCount            0x08004f65   Thumb Code    18  tasks.o(i.pvTaskIncrementMutexHeldCount)
    pxPortInitialiseStack                    0x08004f7d   Thumb Code    36  port.o(i.pxPortInitialiseStack)
    uxListRemove                             0x08004fa5   Thumb Code    36  list.o(i.uxListRemove)
    vFrontPanelInputHandler                  0x08004fc9   Thumb Code   924  freertos.o(i.vFrontPanelInputHandler)
    vKeyboardMode                            0x080053d9   Thumb Code   156  freertos.o(i.vKeyboardMode)
    vListInitialise                          0x08005581   Thumb Code    22  list.o(i.vListInitialise)
    vListInitialiseItem                      0x08005597   Thumb Code     6  list.o(i.vListInitialiseItem)
    vListInsert                              0x0800559d   Thumb Code    48  list.o(i.vListInsert)
    vListInsertEnd                           0x080055cd   Thumb Code    24  list.o(i.vListInsertEnd)
    vPortEnterCritical                       0x080055e5   Thumb Code    54  port.o(i.vPortEnterCritical)
    vPortExitCritical                        0x08005625   Thumb Code    34  port.o(i.vPortExitCritical)
    vPortFree                                0x0800564d   Thumb Code    88  heap_4.o(i.vPortFree)
    vPortSetupTimerInterrupt                 0x080056a9   Thumb Code    26  port.o(i.vPortSetupTimerInterrupt)
    vPortValidateInterruptPriority           0x080056c9   Thumb Code    74  port.o(i.vPortValidateInterruptPriority)
    vQueueAddToRegistry                      0x0800571d   Thumb Code    34  queue.o(i.vQueueAddToRegistry)
    vQueueWaitForMessageRestricted           0x08005745   Thumb Code    56  queue.o(i.vQueueWaitForMessageRestricted)
    vTaskDelay                               0x0800577d   Thumb Code    94  tasks.o(i.vTaskDelay)
    vTaskDelayUntil                          0x080057e5   Thumb Code   158  tasks.o(i.vTaskDelayUntil)
    vTaskMissedYield                         0x0800588d   Thumb Code     8  tasks.o(i.vTaskMissedYield)
    vTaskPlaceOnEventList                    0x08005899   Thumb Code    90  tasks.o(i.vTaskPlaceOnEventList)
    vTaskPlaceOnEventListRestricted          0x080058fd   Thumb Code    72  tasks.o(i.vTaskPlaceOnEventListRestricted)
    vTaskPriorityInherit                     0x08005949   Thumb Code   124  tasks.o(i.vTaskPriorityInherit)
    vTaskSetTimeOutState                     0x080059cd   Thumb Code    30  tasks.o(i.vTaskSetTimeOutState)
    vTaskStartScheduler                      0x080059f1   Thumb Code    90  tasks.o(i.vTaskStartScheduler)
    vTaskSuspendAll                          0x08005a5d   Thumb Code    10  tasks.o(i.vTaskSuspendAll)
    vTaskSwitchContext                       0x08005a6d   Thumb Code    82  tasks.o(i.vTaskSwitchContext)
    xPortStartScheduler                      0x08005ac9   Thumb Code   202  port.o(i.xPortStartScheduler)
    xPortSysTickHandler                      0x08005ba9   Thumb Code    38  port.o(i.xPortSysTickHandler)
    xQueueGenericCreate                      0x08005bd5   Thumb Code   100  queue.o(i.xQueueGenericCreate)
    xQueueGenericReceive                     0x08005c39   Thumb Code   358  queue.o(i.xQueueGenericReceive)
    xQueueGenericReset                       0x08005da5   Thumb Code   126  queue.o(i.xQueueGenericReset)
    xQueueGenericSend                        0x08005e29   Thumb Code   348  queue.o(i.xQueueGenericSend)
    xQueueGenericSendFromISR                 0x08005f89   Thumb Code   182  queue.o(i.xQueueGenericSendFromISR)
    xTaskCheckForTimeOut                     0x08006041   Thumb Code   102  tasks.o(i.xTaskCheckForTimeOut)
    xTaskGenericCreate                       0x080060ad   Thumb Code   430  tasks.o(i.xTaskGenericCreate)
    xTaskGetSchedulerState                   0x08006269   Thumb Code    22  tasks.o(i.xTaskGetSchedulerState)
    xTaskGetTickCount                        0x08006285   Thumb Code     6  tasks.o(i.xTaskGetTickCount)
    xTaskIncrementTick                       0x08006291   Thumb Code   194  tasks.o(i.xTaskIncrementTick)
    xTaskPriorityDisinherit                  0x0800635d   Thumb Code   144  tasks.o(i.xTaskPriorityDisinherit)
    xTaskRemoveFromEventList                 0x080063f5   Thumb Code   108  tasks.o(i.xTaskRemoveFromEventList)
    xTaskResumeAll                           0x08006469   Thumb Code   182  tasks.o(i.xTaskResumeAll)
    xTimerCreateTimerTask                    0x0800652d   Thumb Code    60  timers.o(i.xTimerCreateTimerTask)
    xTimerGenericCommand                     0x08006579   Thumb Code    68  timers.o(i.xTimerGenericCommand)
    APBAHBPrescTable                         0x080065c8   Data          16  stm32f4xx_hal_rcc.o(.constdata)
    Region$$Table$$Base                      0x0800663c   Number         0  anon$$obj.o(Region$$Table)
    Region$$Table$$Limit                     0x0800665c   Number         0  anon$$obj.o(Region$$Table)
    pxCurrentTCB                             0x20000048   Data           4  tasks.o(.data)
    SystemCoreClock                          0x20000080   Data           4  system_stm32f4xx.o(.data)
    __stdout                                 0x20000088   Data           4  main.o(.data)
    defaultTaskHandle                        0x20000098   Data           4  freertos.o(.data)
    enc1                                     0x2000009c   Data           4  freertos.o(.data)
    enc2                                     0x200000a0   Data           4  freertos.o(.data)
    enc3                                     0x200000a4   Data           4  freertos.o(.data)
    enc4                                     0x200000a8   Data           4  freertos.o(.data)
    event_queue                              0x200000ac   Data           4  freertos.o(.data)
    __microlib_freelist                      0x200000b0   Data           4  mvars.o(.data)
    __microlib_freelist_initialised          0x200000b4   Data           4  mvars.o(.data)
    xQueueRegistry                           0x200000b8   Data          64  queue.o(.bss)
    huart1                                   0x20007a10   Data          64  usart.o(.bss)
    huart2                                   0x20007a50   Data          64  usart.o(.bss)
    hsd                                      0x20007a90   Data          96  sdio.o(.bss)
    hadc1                                    0x20007af0   Data          68  adc.o(.bss)
    hdma_adc1                                0x20007b34   Data          88  adc.o(.bss)
    hspi1                                    0x20007b8c   Data          88  spi.o(.bss)
    hdma_spi1_rx                             0x20007be4   Data          88  spi.o(.bss)
    hdma_spi1_tx                             0x20007c3c   Data          88  spi.o(.bss)
    hpcd_USB_OTG_FS                          0x20007c94   Data         952  usbd_conf.o(.bss)
    hi2s2                                    0x2000804c   Data          68  i2s.o(.bss)
    hi2c1                                    0x20008090   Data          60  i2c.o(.bss)
    hdma_i2c1_rx                             0x200080cc   Data          88  i2c.o(.bss)
    hdma_i2c1_tx                             0x20008124   Data          88  i2c.o(.bss)
    __heap_base                              0x20008180   Data           0  startup_stm32f401xc.o(HEAP)
    __heap_limit                             0x20008380   Data           0  startup_stm32f401xc.o(HEAP)
    __initial_sp                             0x20008780   Data           0  startup_stm32f401xc.o(STACK)



==============================================================================

Memory Map of the image

  Image Entry point : 0x08000195

  Load Region LR_IROM1 (Base: 0x08000000, Size: 0x00006714, Max: 0x00040000, ABSOLUTE)

    Execution Region ER_IROM1 (Base: 0x08000000, Size: 0x0000665c, Max: 0x00040000, ABSOLUTE)

    Base Addr    Size         Type   Attr      Idx    E Section Name        Object

    0x08000000   0x00000194   Data   RO         1808    RESET               startup_stm32f401xc.o
    0x08000194   0x00000000   Code   RO         6800  * .ARM.Collect$$$$00000000  mc_w.l(entry.o)
    0x08000194   0x00000004   Code   RO         7100    .ARM.Collect$$$$00000001  mc_w.l(entry2.o)
    0x08000198   0x00000004   Code   RO         7103    .ARM.Collect$$$$00000004  mc_w.l(entry5.o)
    0x0800019c   0x00000000   Code   RO         7105    .ARM.Collect$$$$00000008  mc_w.l(entry7b.o)
    0x0800019c   0x00000000   Code   RO         7107    .ARM.Collect$$$$0000000A  mc_w.l(entry8b.o)
    0x0800019c   0x00000008   Code   RO         7108    .ARM.Collect$$$$0000000B  mc_w.l(entry9a.o)
    0x080001a4   0x00000000   Code   RO         7110    .ARM.Collect$$$$0000000D  mc_w.l(entry10a.o)
    0x080001a4   0x00000000   Code   RO         7112    .ARM.Collect$$$$0000000F  mc_w.l(entry11a.o)
    0x080001a4   0x00000004   Code   RO         7101    .ARM.Collect$$$$00002712  mc_w.l(entry2.o)
    0x080001a8   0x000000ba   Code   RO          925    .emb_text           port.o
    0x08000262   0x00000002   PAD
    0x08000264   0x00000024   Code   RO         1809    .text               startup_stm32f401xc.o
    0x08000288   0x00000024   Code   RO         6803    .text               mc_w.l(memcpya.o)
    0x080002ac   0x00000024   Code   RO         6805    .text               mc_w.l(memseta.o)
    0x080002d0   0x0000001c   Code   RO         7098    .text               mc_w.l(calloc.o)
    0x080002ec   0x0000002c   Code   RO         7114    .text               mc_w.l(uidiv.o)
    0x08000318   0x00000024   Code   RO         7131    .text               mc_w.l(init.o)
    0x0800033c   0x00000184   Code   RO         4763    i.ADC_Init          stm32f4xx_hal_adc.o
    0x080004c0   0x0000000c   Code   RO         6101    i.DMA1_Stream0_IRQHandler  stm32f4xx_it.o
    0x080004cc   0x0000000c   Code   RO         6102    i.DMA1_Stream6_IRQHandler  stm32f4xx_it.o
    0x080004d8   0x0000000c   Code   RO         6103    i.DMA2_Stream0_IRQHandler  stm32f4xx_it.o
    0x080004e4   0x0000000c   Code   RO         6104    i.DMA2_Stream3_IRQHandler  stm32f4xx_it.o
    0x080004f0   0x0000000c   Code   RO         6105    i.DMA2_Stream4_IRQHandler  stm32f4xx_it.o
    0x080004fc   0x00000028   Code   RO         2433    i.DMA_CalcBaseAndBitshift  stm32f4xx_hal_dma.o
    0x08000524   0x000001d8   Code   RO         4765    i.HAL_ADC_ConfigChannel  stm32f4xx_hal_adc.o
    0x080006fc   0x000001ec   Code   RO         4774    i.HAL_ADC_Init      stm32f4xx_hal_adc.o
    0x080008e8   0x00000078   Code   RO         6172    i.HAL_ADC_MspInit   adc.o
    0x08000960   0x000001a0   Code   RO         2439    i.HAL_DMA_IRQHandler  stm32f4xx_hal_dma.o
    0x08000b00   0x00000280   Code   RO         2440    i.HAL_DMA_Init      stm32f4xx_hal_dma.o
    0x08000d80   0x000002c0   Code   RO         3614    i.HAL_GPIO_Init     stm32f4xx_hal_gpio.o
    0x08001040   0x00000058   Code   RO         3616    i.HAL_GPIO_ReadPin  stm32f4xx_hal_gpio.o
    0x08001098   0x0000000c   Code   RO         4092    i.HAL_GetTick       stm32f4xx_hal.o
    0x080010a4   0x000001f8   Code   RO         1859    i.HAL_I2C_Init      stm32f4xx_hal_i2c.o
    0x0800129c   0x000000b0   Code   RO         6579    i.HAL_I2C_MspInit   i2c.o
    0x0800134c   0x0000024c   Code   RO         2974    i.HAL_I2S_Init      stm32f4xx_hal_i2s_ex.o
    0x08001598   0x00000078   Code   RO         6503    i.HAL_I2S_MspInit   i2s.o
    0x08001610   0x00000034   Code   RO         4094    i.HAL_Init          stm32f4xx_hal.o
    0x08001644   0x00000022   Code   RO         4095    i.HAL_InitTick      stm32f4xx_hal.o
    0x08001666   0x00000016   Code   RO         5680    i.HAL_MspInit       stm32f4xx_hal_msp.o
    0x0800167c   0x00000060   Code   RO         3156    i.HAL_NVIC_EnableIRQ  stm32f4xx_hal_cortex.o
    0x080016dc   0x000000a0   Code   RO         3162    i.HAL_NVIC_SetPriority  stm32f4xx_hal_cortex.o
    0x0800177c   0x00000080   Code   RO         3163    i.HAL_NVIC_SetPriorityGrouping  stm32f4xx_hal_cortex.o
    0x080017fc   0x00000008   Code   RO         6313    i.HAL_PCD_ConnectCallback  usbd_conf.o
    0x08001804   0x00000012   Code   RO         6314    i.HAL_PCD_DataInStageCallback  usbd_conf.o
    0x08001816   0x00000014   Code   RO         6315    i.HAL_PCD_DataOutStageCallback  usbd_conf.o
    0x0800182a   0x00000008   Code   RO         6316    i.HAL_PCD_DisconnectCallback  usbd_conf.o
    0x08001832   0x00000050   Code   RO         3406    i.HAL_PCD_EP_ClrStall  stm32f4xx_hal_pcd.o
    0x08001882   0x00000054   Code   RO         3409    i.HAL_PCD_EP_Open   stm32f4xx_hal_pcd.o
    0x080018d6   0x00000002   PAD
    0x080018d8   0x0000005e   Code   RO         3410    i.HAL_PCD_EP_Receive  stm32f4xx_hal_pcd.o
    0x08001936   0x00000060   Code   RO         3411    i.HAL_PCD_EP_SetStall  stm32f4xx_hal_pcd.o
    0x08001996   0x00000056   Code   RO         3412    i.HAL_PCD_EP_Transmit  stm32f4xx_hal_pcd.o
    0x080019ec   0x000003fe   Code   RO         3414    i.HAL_PCD_IRQHandler  stm32f4xx_hal_pcd.o
    0x08001dea   0x00000008   Code   RO         6317    i.HAL_PCD_ISOINIncompleteCallback  usbd_conf.o
    0x08001df2   0x00000008   Code   RO         6318    i.HAL_PCD_ISOOUTIncompleteCallback  usbd_conf.o
    0x08001dfa   0x00000020   Code   RO         6321    i.HAL_PCD_ResetCallback  usbd_conf.o
    0x08001e1a   0x00000008   Code   RO         6322    i.HAL_PCD_ResumeCallback  usbd_conf.o
    0x08001e22   0x00000008   Code   RO         6323    i.HAL_PCD_SOFCallback  usbd_conf.o
    0x08001e2a   0x00000024   Code   RO         3423    i.HAL_PCD_SetAddress  stm32f4xx_hal_pcd.o
    0x08001e4e   0x0000000e   Code   RO         6324    i.HAL_PCD_SetupStageCallback  usbd_conf.o
    0x08001e5c   0x00000030   Code   RO         6325    i.HAL_PCD_SuspendCallback  usbd_conf.o
    0x08001e8c   0x000001c0   Code   RO         5036    i.HAL_RCCEx_PeriphCLKConfig  stm32f4xx_hal_rcc_ex.o
    0x0800204c   0x00000360   Code   RO         2785    i.HAL_RCC_ClockConfig  stm32f4xx_hal_rcc.o
    0x080023ac   0x00000034   Code   RO         2790    i.HAL_RCC_GetHCLKFreq  stm32f4xx_hal_rcc.o
    0x080023e0   0x0000002c   Code   RO         2792    i.HAL_RCC_GetPCLK1Freq  stm32f4xx_hal_rcc.o
    0x0800240c   0x0000002c   Code   RO         2793    i.HAL_RCC_GetPCLK2Freq  stm32f4xx_hal_rcc.o
    0x08002438   0x00000060   Code   RO         2794    i.HAL_RCC_GetSysClockFreq  stm32f4xx_hal_rcc.o
    0x08002498   0x0000045e   Code   RO         2797    i.HAL_RCC_OscConfig  stm32f4xx_hal_rcc.o
    0x080028f6   0x00000002   PAD
    0x080028f8   0x000001a0   Code   RO         3843    i.HAL_SPI_Init      stm32f4xx_hal_spi.o
    0x08002a98   0x000000b0   Code   RO         6272    i.HAL_SPI_MspInit   spi.o
    0x08002b48   0x00000064   Code   RO         3165    i.HAL_SYSTICK_CLKSourceConfig  stm32f4xx_hal_cortex.o
    0x08002bac   0x00000028   Code   RO         3167    i.HAL_SYSTICK_Config  stm32f4xx_hal_cortex.o
    0x08002bd4   0x00000002   Code   RO         4417    i.HAL_UART_ErrorCallback  stm32f4xx_hal_uart.o
    0x08002bd6   0x00000002   PAD
    0x08002bd8   0x000000f6   Code   RO         4420    i.HAL_UART_IRQHandler  stm32f4xx_hal_uart.o
    0x08002cce   0x00000002   PAD
    0x08002cd0   0x00000120   Code   RO         4421    i.HAL_UART_Init     stm32f4xx_hal_uart.o
    0x08002df0   0x00000094   Code   RO         5806    i.HAL_UART_MspInit  usart.o
    0x08002e84   0x00000002   Code   RO         4427    i.HAL_UART_RxCpltCallback  stm32f4xx_hal_uart.o
    0x08002e86   0x00000002   Code   RO         4432    i.HAL_UART_TxCpltCallback  stm32f4xx_hal_uart.o
    0x08002e88   0x0000004c   Code   RO         2978    i.I2S_GetInputClock  stm32f4xx_hal_i2s_ex.o
    0x08002ed4   0x0000004c   Code   RO         6173    i.MX_ADC1_Init      adc.o
    0x08002f20   0x0000007c   Code   RO         6779    i.MX_DMA_Init       dma.o
    0x08002f9c   0x00000134   Code   RO         6212    i.MX_FREERTOS_Init  freertos.o
    0x080030d0   0x00000124   Code   RO         5998    i.MX_GPIO_Init      gpio.o
    0x080031f4   0x00000030   Code   RO         6580    i.MX_I2C1_Init      i2c.o
    0x08003224   0x0000002c   Code   RO         6504    i.MX_I2S2_Init      i2s.o
    0x08003250   0x00000020   Code   RO         6024    i.MX_SDIO_SD_Init   sdio.o
    0x08003270   0x00000034   Code   RO         6273    i.MX_SPI1_Init      spi.o
    0x080032a4   0x00000028   Code   RO         5807    i.MX_USART1_UART_Init  usart.o
    0x080032cc   0x00000028   Code   RO         5808    i.MX_USART2_UART_Init  usart.o
    0x080032f4   0x00000020   Code   RO         3169    i.NVIC_SetPriority  stm32f4xx_hal_cortex.o
    0x08003314   0x0000000c   Code   RO         6106    i.OTG_FS_IRQHandler  stm32f4xx_it.o
    0x08003320   0x00000096   Code   RO         3428    i.PCD_WriteEmptyTxFifo  stm32f4xx_hal_pcd.o
    0x080033b6   0x00000008   Code   RO         6213    i.StartDefaultTask  freertos.o
    0x080033be   0x00000004   Code   RO         6107    i.SysTick_Handler   stm32f4xx_it.o
    0x080033c2   0x00000002   PAD
    0x080033c4   0x000000a0   Code   RO         5704    i.SystemClock_Config  main.o
    0x08003464   0x00000054   Code   RO         1817    i.SystemInit        system_stm32f4xx.o
    0x080034b8   0x000000a8   Code   RO         4439    i.UART_Receive_IT   stm32f4xx_hal_uart.o
    0x08003560   0x0000020c   Code   RO         4440    i.UART_SetConfig    stm32f4xx_hal_uart.o
    0x0800376c   0x00000066   Code   RO         4441    i.UART_Transmit_IT  stm32f4xx_hal_uart.o
    0x080037d2   0x00000002   PAD
    0x080037d4   0x0000000c   Code   RO         6108    i.USART1_IRQHandler  stm32f4xx_it.o
    0x080037e0   0x0000000e   Code   RO            4    i.USBD_ClrClassConfig  usbd_core.o
    0x080037ee   0x00000010   Code   RO          455    i.USBD_CtlContinueRx  usbd_ioreq.o
    0x080037fe   0x00000010   Code   RO          456    i.USBD_CtlContinueSendData  usbd_ioreq.o
    0x0800380e   0x00000016   Code   RO          390    i.USBD_CtlError     usbd_ctlreq.o
    0x08003824   0x00000016   Code   RO          458    i.USBD_CtlReceiveStatus  usbd_ioreq.o
    0x0800383a   0x0000001a   Code   RO          459    i.USBD_CtlSendData  usbd_ioreq.o
    0x08003854   0x00000016   Code   RO          460    i.USBD_CtlSendStatus  usbd_ioreq.o
    0x0800386a   0x000000e0   Code   RO          391    i.USBD_GetDescriptor  usbd_ctlreq.o
    0x0800394a   0x0000000e   Code   RO         6326    i.USBD_LL_ClearStallEP  usbd_conf.o
    0x08003958   0x000000aa   Code   RO            7    i.USBD_LL_DataInStage  usbd_core.o
    0x08003a02   0x0000006a   Code   RO            8    i.USBD_LL_DataOutStage  usbd_core.o
    0x08003a6c   0x00000004   Code   RO            9    i.USBD_LL_DevConnected  usbd_core.o
    0x08003a70   0x00000016   Code   RO           10    i.USBD_LL_DevDisconnected  usbd_core.o
    0x08003a86   0x00000020   Code   RO         6333    i.USBD_LL_IsStallEP  usbd_conf.o
    0x08003aa6   0x00000004   Code   RO           11    i.USBD_LL_IsoINIncomplete  usbd_core.o
    0x08003aaa   0x00000004   Code   RO           12    i.USBD_LL_IsoOUTIncomplete  usbd_core.o
    0x08003aae   0x00000014   Code   RO         6334    i.USBD_LL_OpenEP    usbd_conf.o
    0x08003ac2   0x0000000e   Code   RO         6335    i.USBD_LL_PrepareReceive  usbd_conf.o
    0x08003ad0   0x0000003e   Code   RO           13    i.USBD_LL_Reset     usbd_core.o
    0x08003b0e   0x0000000c   Code   RO           14    i.USBD_LL_Resume    usbd_core.o
    0x08003b1a   0x00000018   Code   RO           15    i.USBD_LL_SOF       usbd_core.o
    0x08003b32   0x00000006   Code   RO           16    i.USBD_LL_SetSpeed  usbd_core.o
    0x08003b38   0x0000000e   Code   RO         6336    i.USBD_LL_SetUSBAddress  usbd_conf.o
    0x08003b46   0x0000005a   Code   RO           17    i.USBD_LL_SetupStage  usbd_core.o
    0x08003ba0   0x0000000e   Code   RO         6337    i.USBD_LL_StallEP   usbd_conf.o
    0x08003bae   0x00000012   Code   RO           18    i.USBD_LL_Suspend   usbd_core.o
    0x08003bc0   0x0000000e   Code   RO         6340    i.USBD_LL_Transmit  usbd_conf.o
    0x08003bce   0x00000028   Code   RO          393    i.USBD_ParseSetupRequest  usbd_ctlreq.o
    0x08003bf6   0x00000016   Code   RO           21    i.USBD_SetClassConfig  usbd_core.o
    0x08003c0c   0x00000074   Code   RO          394    i.USBD_SetConfig    usbd_ctlreq.o
    0x08003c80   0x000000f2   Code   RO          395    i.USBD_StdDevReq    usbd_ctlreq.o
    0x08003d72   0x000000dc   Code   RO          396    i.USBD_StdEPReq     usbd_ctlreq.o
    0x08003e4e   0x00000034   Code   RO          397    i.USBD_StdItfReq    usbd_ctlreq.o
    0x08003e82   0x00000002   PAD
    0x08003e84   0x00000080   Code   RO         2151    i.USB_ActivateEndpoint  stm32f4xx_ll_usb.o
    0x08003f04   0x00000034   Code   RO         2152    i.USB_ActivateSetup  stm32f4xx_ll_usb.o
    0x08003f38   0x00000140   Code   RO         2164    i.USB_EP0StartXfer  stm32f4xx_ll_usb.o
    0x08004078   0x0000003e   Code   RO         2165    i.USB_EP0_OutStart  stm32f4xx_ll_usb.o
    0x080040b6   0x00000064   Code   RO         2166    i.USB_EPClearStall  stm32f4xx_ll_usb.o
    0x0800411a   0x0000005e   Code   RO         2167    i.USB_EPSetStall    stm32f4xx_ll_usb.o
    0x08004178   0x0000021c   Code   RO         2168    i.USB_EPStartXfer   stm32f4xx_ll_usb.o
    0x08004394   0x00000024   Code   RO         2171    i.USB_FlushTxFifo   stm32f4xx_ll_usb.o
    0x080043b8   0x0000003c   Code   RO         2173    i.USB_GetDevSpeed   stm32f4xx_ll_usb.o
    0x080043f4   0x00000008   Code   RO         2175    i.USB_GetMode       stm32f4xx_ll_usb.o
    0x080043fc   0x0000000e   Code   RO         2182    i.USB_ReadDevAllInEpInterrupt  stm32f4xx_ll_usb.o
    0x0800440a   0x0000000e   Code   RO         2183    i.USB_ReadDevAllOutEpInterrupt  stm32f4xx_ll_usb.o
    0x08004418   0x0000001e   Code   RO         2184    i.USB_ReadDevInEPInterrupt  stm32f4xx_ll_usb.o
    0x08004436   0x00000010   Code   RO         2185    i.USB_ReadDevOutEPInterrupt  stm32f4xx_ll_usb.o
    0x08004446   0x00000008   Code   RO         2186    i.USB_ReadInterrupts  stm32f4xx_ll_usb.o
    0x0800444e   0x00000020   Code   RO         2187    i.USB_ReadPacket    stm32f4xx_ll_usb.o
    0x0800446e   0x00000022   Code   RO         2190    i.USB_SetDevAddress  stm32f4xx_ll_usb.o
    0x08004490   0x00000028   Code   RO         2194    i.USB_WritePacket   stm32f4xx_ll_usb.o
    0x080044b8   0x00000020   Code   RO         6898    i.__0printf$3       mc_w.l(printf3.o)
    0x080044d8   0x0000000e   Code   RO         7143    i.__scatterload_copy  mc_w.l(handlers.o)
    0x080044e6   0x00000002   Code   RO         7144    i.__scatterload_null  mc_w.l(handlers.o)
    0x080044e8   0x0000000e   Code   RO         7145    i.__scatterload_zeroinit  mc_w.l(handlers.o)
    0x080044f6   0x00000002   PAD
    0x080044f8   0x000001b8   Code   RO         6905    i._printf_core      mc_w.l(printf3.o)
    0x080046b0   0x0000003c   Code   RO         5705    i.assert_failed     main.o
    0x080046ec   0x0000003a   Code   RO          516    i.encoder_init      encoder.o
    0x08004726   0x00000002   PAD
    0x08004728   0x00000050   Code   RO          517    i.encoder_read      encoder.o
    0x08004778   0x00000024   Code   RO         6728    i.event_add_data    event.o
    0x0800479c   0x00000016   Code   RO         6729    i.event_create      event.o
    0x080047b2   0x00000004   Code   RO         6731    i.event_set_type    event.o
    0x080047b6   0x0000006a   Code   RO         6732    i.event_wrap_data   event.o
    0x08004820   0x0000001c   Code   RO         5706    i.fputc             main.o
    0x0800483c   0x00000036   Code   RO         5707    i.main              main.o
    0x08004872   0x0000000c   Code   RO         1012    i.makeFreeRtosPriority  cmsis_os.o
    0x0800487e   0x00000002   PAD
    0x08004880   0x0000006c   Code   RO         7071    i.malloc            mc_w.l(malloc.o)
    0x080048ec   0x0000000e   Code   RO         1013    i.osDelay           cmsis_os.o
    0x080048fa   0x0000000a   Code   RO         1016    i.osKernelStart     cmsis_os.o
    0x08004904   0x00000014   Code   RO         1045    i.osSystickHandler  cmsis_os.o
    0x08004918   0x00000038   Code   RO         1046    i.osThreadCreate    cmsis_os.o
    0x08004950   0x00000034   Code   RO         1444    i.prvAddCurrentTaskToDelayedList  tasks.o
    0x08004984   0x00000060   Code   RO         1359    i.prvCheckForValidListAndQueue  timers.o
    0x080049e4   0x00000054   Code   RO         1445    i.prvCheckTasksWaitingTermination  tasks.o
    0x08004a38   0x00000026   Code   RO          684    i.prvCopyDataFromQueue  queue.o
    0x08004a5e   0x0000006e   Code   RO          685    i.prvCopyDataToQueue  queue.o
    0x08004acc   0x0000004c   Code   RO          867    i.prvHeapInit       heap_4.o
    0x08004b18   0x00000028   Code   RO         1446    i.prvIdleTask       tasks.o
    0x08004b40   0x0000004c   Code   RO          868    i.prvInsertBlockIntoFreeList  heap_4.o
    0x08004b8c   0x00000038   Code   RO         1360    i.prvInsertTimerInActiveList  timers.o
    0x08004bc4   0x000000bc   Code   RO         1361    i.prvProcessReceivedCommands  timers.o
    0x08004c80   0x000000a8   Code   RO         1362    i.prvProcessTimerOrBlockTask  timers.o
    0x08004d28   0x00000020   Code   RO         1448    i.prvResetNextTaskUnblockTime  tasks.o
    0x08004d48   0x00000028   Code   RO         1363    i.prvSampleTimeNow  timers.o
    0x08004d70   0x0000006c   Code   RO         1364    i.prvSwitchTimerLists  timers.o
    0x08004ddc   0x00000028   Code   RO          926    i.prvTaskExitError  port.o
    0x08004e04   0x00000024   Code   RO         1365    i.prvTimerTask      timers.o
    0x08004e28   0x00000064   Code   RO          686    i.prvUnlockQueue    queue.o
    0x08004e8c   0x000000d8   Code   RO          869    i.pvPortMalloc      heap_4.o
    0x08004f64   0x00000018   Code   RO         1450    i.pvTaskIncrementMutexHeldCount  tasks.o
    0x08004f7c   0x00000028   Code   RO          927    i.pxPortInitialiseStack  port.o
    0x08004fa4   0x00000024   Code   RO          620    i.uxListRemove      list.o
    0x08004fc8   0x00000410   Code   RO         6214    i.vFrontPanelInputHandler  freertos.o
    0x080053d8   0x000001a8   Code   RO         6215    i.vKeyboardMode     freertos.o
    0x08005580   0x00000016   Code   RO          621    i.vListInitialise   list.o
    0x08005596   0x00000006   Code   RO          622    i.vListInitialiseItem  list.o
    0x0800559c   0x00000030   Code   RO          623    i.vListInsert       list.o
    0x080055cc   0x00000018   Code   RO          624    i.vListInsertEnd    list.o
    0x080055e4   0x00000040   Code   RO          929    i.vPortEnterCritical  port.o
    0x08005624   0x00000028   Code   RO          930    i.vPortExitCritical  port.o
    0x0800564c   0x0000005c   Code   RO          870    i.vPortFree         heap_4.o
    0x080056a8   0x00000020   Code   RO          931    i.vPortSetupTimerInterrupt  port.o
    0x080056c8   0x00000054   Code   RO          932    i.vPortValidateInterruptPriority  port.o
    0x0800571c   0x00000028   Code   RO          692    i.vQueueAddToRegistry  queue.o
    0x08005744   0x00000038   Code   RO          696    i.vQueueWaitForMessageRestricted  queue.o
    0x0800577c   0x00000068   Code   RO         1458    i.vTaskDelay        tasks.o
    0x080057e4   0x000000a8   Code   RO         1459    i.vTaskDelayUntil   tasks.o
    0x0800588c   0x0000000c   Code   RO         1462    i.vTaskMissedYield  tasks.o
    0x08005898   0x00000064   Code   RO         1464    i.vTaskPlaceOnEventList  tasks.o
    0x080058fc   0x0000004c   Code   RO         1465    i.vTaskPlaceOnEventListRestricted  tasks.o
    0x08005948   0x00000084   Code   RO         1467    i.vTaskPriorityInherit  tasks.o
    0x080059cc   0x00000024   Code   RO         1471    i.vTaskSetTimeOutState  tasks.o
    0x080059f0   0x0000006c   Code   RO         1472    i.vTaskStartScheduler  tasks.o
    0x08005a5c   0x00000010   Code   RO         1474    i.vTaskSuspendAll   tasks.o
    0x08005a6c   0x0000005c   Code   RO         1475    i.vTaskSwitchContext  tasks.o
    0x08005ac8   0x000000e0   Code   RO          933    i.xPortStartScheduler  port.o
    0x08005ba8   0x0000002c   Code   RO          934    i.xPortSysTickHandler  port.o
    0x08005bd4   0x00000064   Code   RO          699    i.xQueueGenericCreate  queue.o
    0x08005c38   0x0000016c   Code   RO          700    i.xQueueGenericReceive  queue.o
    0x08005da4   0x00000084   Code   RO          701    i.xQueueGenericReset  queue.o
    0x08005e28   0x00000160   Code   RO          702    i.xQueueGenericSend  queue.o
    0x08005f88   0x000000b6   Code   RO          703    i.xQueueGenericSendFromISR  queue.o
    0x0800603e   0x00000002   PAD
    0x08006040   0x0000006c   Code   RO         1476    i.xTaskCheckForTimeOut  tasks.o
    0x080060ac   0x000001bc   Code   RO         1477    i.xTaskGenericCreate  tasks.o
    0x08006268   0x0000001c   Code   RO         1480    i.xTaskGetSchedulerState  tasks.o
    0x08006284   0x0000000c   Code   RO         1481    i.xTaskGetTickCount  tasks.o
    0x08006290   0x000000cc   Code   RO         1483    i.xTaskIncrementTick  tasks.o
    0x0800635c   0x00000098   Code   RO         1486    i.xTaskPriorityDisinherit  tasks.o
    0x080063f4   0x00000074   Code   RO         1487    i.xTaskRemoveFromEventList  tasks.o
    0x08006468   0x000000c4   Code   RO         1489    i.xTaskResumeAll    tasks.o
    0x0800652c   0x0000004c   Code   RO         1369    i.xTimerCreateTimerTask  timers.o
    0x08006578   0x00000048   Code   RO         1370    i.xTimerGenericCommand  timers.o
    0x080065c0   0x00000008   Data   RO         2444    .constdata          stm32f4xx_hal_dma.o
    0x080065c8   0x00000010   Data   RO         2798    .constdata          stm32f4xx_hal_rcc.o
    0x080065d8   0x00000014   Data   RO         6216    .constdata          freertos.o
    0x080065ec   0x00000050   Data   RO         6217    .conststring        freertos.o
    0x0800663c   0x00000020   Data   RO         7141    Region$$Table       anon$$obj.o


    Execution Region RW_IRAM1 (Base: 0x20000000, Size: 0x00008780, Max: 0x00010000, ABSOLUTE)

    Base Addr    Size         Type   Attr      Idx    E Section Name        Object

    0x20000000   0x00000001   Data   RW          398    .data               usbd_ctlreq.o
    0x20000001   0x00000010   Data   RW          520    .data               encoder.o
    0x20000011   0x00000003   PAD
    0x20000014   0x00000018   Data   RW          875    .data               heap_4.o
    0x2000002c   0x0000000c   Data   RW          935    .data               port.o
    0x20000038   0x00000010   Data   RW         1373    .data               timers.o
    0x20000048   0x00000038   Data   RW         1492    .data               tasks.o
    0x20000080   0x00000004   Data   RW         1819    .data               system_stm32f4xx.o
    0x20000084   0x00000004   Data   RW         4100    .data               stm32f4xx_hal.o
    0x20000088   0x00000004   Data   RW         5708    .data               main.o
    0x2000008c   0x00000024   Data   RW         6218    .data               freertos.o
    0x200000b0   0x00000004   Data   RW         7118    .data               mc_w.l(mvars.o)
    0x200000b4   0x00000004   Data   RW         7119    .data               mc_w.l(mvars.o)
    0x200000b8   0x00000040   Zero   RW          711    .bss                queue.o
    0x200000f8   0x00007800   Zero   RW          874    .bss                heap_4.o
    0x200078f8   0x00000028   Zero   RW         1372    .bss                timers.o
    0x20007920   0x000000f0   Zero   RW         1491    .bss                tasks.o
    0x20007a10   0x00000080   Zero   RW         5809    .bss                usart.o
    0x20007a90   0x00000060   Zero   RW         6025    .bss                sdio.o
    0x20007af0   0x0000009c   Zero   RW         6174    .bss                adc.o
    0x20007b8c   0x00000108   Zero   RW         6274    .bss                spi.o
    0x20007c94   0x000003b8   Zero   RW         6341    .bss                usbd_conf.o
    0x2000804c   0x00000044   Zero   RW         6505    .bss                i2s.o
    0x20008090   0x000000ec   Zero   RW         6581    .bss                i2c.o
    0x2000817c   0x00000004   PAD
    0x20008180   0x00000200   Zero   RW         1807    HEAP                startup_stm32f401xc.o
    0x20008380   0x00000400   Zero   RW         1806    STACK               startup_stm32f401xc.o


==============================================================================

Image component sizes


      Code (inc. data)   RO Data    RW Data    ZI Data      Debug   Object Name

       196         32          0          0        156       1659   adc.o
       112          0          0          0          0      17840   cmsis_os.o
         0          0          0          0          0       2800   croutine.o
       124          4          0          0          0        826   dma.o
       138          4          0         16          0       3907   encoder.o
       168         10          0          0          0       2579   event.o
      1780        490        100         36          0       5073   freertos.o
       292         24          0          0          0       1075   gpio.o
       460         24          0         24      30720       9639   heap_4.o
       224         34          0          0        236       1687   i2c.o
       164         24          0          0         68       1541   i2s.o
       136          0          0          0          0       9386   list.o
       302         64          0          4          0       4478   main.o
       754         84          0         12          0       9237   port.o
      1474         22          0          0         64      22605   queue.o
         0          0          0          0          0       3620   sd_diskio.o
        32         10          0          0         96        683   sdio.o
       228         30          0          0        264       1683   spi.o
        36          8        404          0       1536        924   startup_stm32f401xc.o
        98         10          0          4          0       3040   stm32f4xx_hal.o
      1352        202          0          0          0       2719   stm32f4xx_hal_adc.o
       556        256          0          0          0      30785   stm32f4xx_hal_cortex.o
      1096         78          8          0          0       2916   stm32f4xx_hal_dma.o
       792        180          0          0          0       2387   stm32f4xx_hal_gpio.o
       504         82          0          0          0       2079   stm32f4xx_hal_i2c.o
       664         90          0          0          0       2187   stm32f4xx_hal_i2s_ex.o
        22          0          0          0          0        502   stm32f4xx_hal_msp.o
      1648          0          0          0          0       7067   stm32f4xx_hal_pcd.o
      2218        180         16          0          0       6131   stm32f4xx_hal_rcc.o
       448         80          0          0          0       1368   stm32f4xx_hal_rcc_ex.o
       416         56          0          0          0       1235   stm32f4xx_hal_spi.o
      1334        146          0          0          0       6103   stm32f4xx_hal_uart.o
        88         42          0          0          0       3732   stm32f4xx_it.o
      1588         20          0          0          0      12468   stm32f4xx_ll_usb.o
        84         18          0          4          0       1341   system_stm32f4xx.o
      2336        192          0         56        240      22128   tasks.o
       840         82          0         16         40       8827   timers.o
       228         38          0          0        128       2155   usart.o
       302          4          0          0        952      10051   usbd_conf.o
       558          0          0          0          0     281264   usbd_core.o
       916         30          0          1          0       6083   usbd_ctlreq.o
       102          0          0          0          0       3560   usbd_ioreq.o

    ----------------------------------------------------------------------
     24832       2650        560        176      34504     521370   Object Totals
         0          0         32          0          0          0   (incl. Generated)
        22          0          0          3          4          0   (incl. Padding)

    ----------------------------------------------------------------------

      Code (inc. data)   RO Data    RW Data    ZI Data      Debug   Library Member Name

        28          0          0          0          0         76   calloc.o
         0          0          0          0          0          0   entry.o
         0          0          0          0          0          0   entry10a.o
         0          0          0          0          0          0   entry11a.o
         8          4          0          0          0          0   entry2.o
         4          0          0          0          0          0   entry5.o
         0          0          0          0          0          0   entry7b.o
         0          0          0          0          0          0   entry8b.o
         8          4          0          0          0          0   entry9a.o
        30          0          0          0          0          0   handlers.o
        36          8          0          0          0         68   init.o
       108         16          0          0          0         84   malloc.o
        36          0          0          0          0         68   memcpya.o
        36          0          0          0          0        108   memseta.o
         0          0          0          8          0          0   mvars.o
       472         14          0          0          0        184   printf3.o
        44          0          0          0          0         80   uidiv.o

    ----------------------------------------------------------------------
       812         46          0          8          0        668   Library Totals
         2          0          0          0          0          0   (incl. Padding)

    ----------------------------------------------------------------------

      Code (inc. data)   RO Data    RW Data    ZI Data      Debug   Library Name

       810         46          0          8          0        668   mc_w.l

    ----------------------------------------------------------------------
       812         46          0          8          0        668   Library Totals

    ----------------------------------------------------------------------

==============================================================================


      Code (inc. data)   RO Data    RW Data    ZI Data      Debug   

     25644       2696        560        184      34504     501682   Grand Totals
     25644       2696        560        184      34504     501682   ELF Image Totals
     25644       2696        560        184          0          0   ROM Totals

==============================================================================

    Total RO  Size (Code + RO Data)                26204 (  25.59kB)
    Total RW  Size (RW Data + ZI Data)             34688 (  33.88kB)
    Total ROM Size (Code + RO Data + RW Data)      26388 (  25.77kB)

==============================================================================

